Archive member included to satisfy reference by file (symbol)

../Lib/RAM_DEMO/Library.a(witin_npu_engine.o)
                              Output/RAM_DEMO/Obj/WITIN_PROJECT/npu_hal.o (wengine_init)
../Lib/RAM_DEMO/Library.a(witin_npu_interface.o)
                              ../Lib/RAM_DEMO/Library.a(witin_npu_engine.o) (witin_log)
../Lib/RAM_DEMO/Library.a(wnpu_config.o)
                              ../Lib/RAM_DEMO/Library.a(witin_npu_interface.o) (wnpu_set_npu_colck_gate)
../Lib/RAM_DEMO/Library.a(wnpu_diff.o)
                              ../Lib/RAM_DEMO/Library.a(witin_npu_interface.o) (wnpu_not_compensate_init)
../Lib/RAM_DEMO/Library.a(wnpu_out_scaling.o)
                              ../Lib/RAM_DEMO/Library.a(wnpu_diff.o) (wnpu_tab_init)
../Lib/RAM_DEMO/Library.a(witin_npu_custom_event.o)
                              ../Lib/RAM_DEMO/Library.a(witin_npu_interface.o) (doCustomEvent)
../Lib/RAM_DEMO/Library.a(bin_loader.o)
                              ../Lib/RAM_DEMO/Library.a(witin_npu_engine.o) (get_json_len)
../Lib/RAM_DEMO/Library.a(cJSON.o)
                              ../Lib/RAM_DEMO/Library.a(witin_npu_custom_event.o) (cJSON_malloc)
../Lib/RAM_DEMO/Library.a(net_parse.o)
                              ../Lib/RAM_DEMO/Library.a(witin_npu_engine.o) (witin_gen_model)
../Lib/RAM_DEMO/Library.a(base64.o)
                              ../Lib/RAM_DEMO/Library.a(net_parse.o) (b64_decode)
C:/Program Files/SEGGER/SEGGER Embedded Studio for RISC-V 5.66/lib/libm_rv32imafc_f.a(libm_asm.o)
                              Output/RAM_DEMO/Obj/WITIN_PROJECT/feature_tools.o (__adddf3)
C:/Program Files/SEGGER/SEGGER Embedded Studio for RISC-V 5.66/lib/libm_rv32imafc_f.a(libm2.o)
                              ../Lib/RAM_DEMO/Library.a(witin_npu_custom_event.o) (exp2)
C:/Program Files/SEGGER/SEGGER Embedded Studio for RISC-V 5.66/lib/libm_rv32imafc_f.a(fdlibm.o)
                              ../Lib/RAM_DEMO/Library.a(witin_npu_interface.o) (log2f)
C:/Program Files/SEGGER/SEGGER Embedded Studio for RISC-V 5.66/lib/libm_rv32imafc_f.a(libm.o)
                              C:/Program Files/SEGGER/SEGGER Embedded Studio for RISC-V 5.66/lib/libm_rv32imafc_f.a(fdlibm.o) (__unorddf2)
C:/Program Files/SEGGER/SEGGER Embedded Studio for RISC-V 5.66/lib/libc_rv32imafc_f.a(libc.o)
                              Output/RAM_DEMO/Obj/WITIN_PROJECT/main.o (__udivdi3)
C:/Program Files/SEGGER/SEGGER Embedded Studio for RISC-V 5.66/lib/libc_rv32imafc_f.a(libc2.o)
                              ../Lib/RAM_DEMO/Library.a(cJSON.o) (tolower)
C:/Program Files/SEGGER/SEGGER Embedded Studio for RISC-V 5.66/lib/libc_rv32imafc_f.a(libc2_asm.o)
                              ../Lib/RAM_DEMO/Library.a(net_parse.o) (strcmp)
C:/Program Files/SEGGER/SEGGER Embedded Studio for RISC-V 5.66/lib/libc_rv32imafc_f.a(libvfprintf.o)
                              (__vfprintf_short_float_long)
C:/Program Files/SEGGER/SEGGER Embedded Studio for RISC-V 5.66/lib/libc_rv32imafc_f.a(libvfscanf.o)
                              (__vfscanf_int)
../../WitinProgramTool_WTM2101/LibNPU/LibNPU.a(npu_ops.o)
                              Output/RAM_DEMO/Obj/WITIN_PROJECT/hal_clock.o (NPU_READ_TRIM)
../../WitinProgramTool_WTM2101/LibNPU/LibNPU.a(libnpu.o)
                              ../Lib/RAM_DEMO/Library.a(witin_npu_interface.o) (wnpu_write_analog_config)
../../WitinProgramTool_WTM2101/LibNPU/LibNPU.a(crcLib.o)
                              ../../WitinProgramTool_WTM2101/LibNPU/LibNPU.a(npu_ops.o) (crc16_ccitt_false)

Discarded input sections

 .group         0x0000000000000000        0xc Output/RAM_DEMO/Obj/WITIN_PROJECT/wtm2101_it.o
 .group         0x0000000000000000        0xc Output/RAM_DEMO/Obj/WITIN_PROJECT/wtm2101_it.o
 .group         0x0000000000000000        0xc Output/RAM_DEMO/Obj/WITIN_PROJECT/wtm2101_it.o
 .group         0x0000000000000000        0xc Output/RAM_DEMO/Obj/WITIN_PROJECT/wtm2101_it.o
 .group         0x0000000000000000        0xc Output/RAM_DEMO/Obj/WITIN_PROJECT/wtm2101_it.o
 .group         0x0000000000000000        0xc Output/RAM_DEMO/Obj/WITIN_PROJECT/wtm2101_it.o
 .group         0x0000000000000000        0xc Output/RAM_DEMO/Obj/WITIN_PROJECT/wtm2101_it.o
 .group         0x0000000000000000        0xc Output/RAM_DEMO/Obj/WITIN_PROJECT/wtm2101_it.o
 .group         0x0000000000000000        0xc Output/RAM_DEMO/Obj/WITIN_PROJECT/wtm2101_it.o
 .group         0x0000000000000000        0xc Output/RAM_DEMO/Obj/WITIN_PROJECT/wtm2101_it.o
 .group         0x0000000000000000        0xc Output/RAM_DEMO/Obj/WITIN_PROJECT/wtm2101_it.o
 .group         0x0000000000000000        0xc Output/RAM_DEMO/Obj/WITIN_PROJECT/wtm2101_it.o
 .group         0x0000000000000000        0xc Output/RAM_DEMO/Obj/WITIN_PROJECT/wtm2101_it.o
 .group         0x0000000000000000        0xc Output/RAM_DEMO/Obj/WITIN_PROJECT/wtm2101_it.o
 .group         0x0000000000000000        0xc Output/RAM_DEMO/Obj/WITIN_PROJECT/wtm2101_it.o
[...]
Memory Configuration

Name             Origin             Length             Attributes
UNPLACED_SECTIONS 0x0000000100000000 0x0000000000000000 xw
ILM_RAM          0x0000000008000000 0x000000000001f000 xr
DLM_RAM          0x0000000030000000 0x0000000000040000 xw
*default*        0x0000000000000000 0xffffffffffffffff

Linker script and memory map

                0x000000000001e25e                __vfprintf = __vfprintf_short_float_long
                0x0000000000000000                __vfscanf = __vfscanf_int
                0x0000000000000000                __ILM_RAM_segment_start__ = 0x0
                0x0000000000030000                __ILM_RAM_segment_end__ = 0x30000
                0x0000000000030000                __ILM_RAM_segment_size__ = 0x30000
                0x0000000020000020                __DLM_RAM_segment_start__ = 0x20000020
                0x0000000020020000                __DLM_RAM_segment_end__ = 0x20020000
                0x000000000001ffd0                __DLM_RAM_segment_size__ = 0x1ffd0
                0x0000000000000020                __HEAPSIZE__ = 0x20
                0x0000000000001000                __STACKSIZE__ = 0x1000
                0x0000000000000000                __vectors_load_start__ = __ILM_RAM_segment_start__

.vectors        0x0000000000000000       0xce
                0x0000000000000000                __vectors_start__ = .
 *(.vectors .vectors.*)
 .vectors       0x0000000000000000       0xce Output/RAM_DEMO/Obj/WITIN_PROJECT/startup_NUCLEI_N.o
                0x0000000000000000                vector_base
                0x00000000000000ce                __vectors_end__ = (__vectors_start__ + SIZEOF (.vectors))
                0x00000000000000ce                __vectors_size__ = SIZEOF (.vectors)
                0x00000000000000ce                __vectors_load_end__ = __vectors_end__
                0x0000000000000001                . = ASSERT (((__vectors_start__ == __vectors_end__) || ((__vectors_end__ - __ILM_RAM_segment_start__) <= __ILM_RAM_segment_size__)), error: .vectors is too large to fit in DLM_RAM memory segment)
                0x00000000000000d0                __init_load_start__ = ALIGN (__vectors_end__, 0x4)

.init           0x00000000000000d0      0x194
                0x00000000000000d0                __init_start__ = .
 *(.init .init.*)
 .init          0x00000000000000d0      0x194 Output/RAM_DEMO/Obj/WITIN_PROJECT/startup_NUCLEI_N.o
                0x00000000000000d0                _start
                0x00000000000000d4                _real_start
                0x0000000000000264                __init_end__ = (__init_start__ + SIZEOF (.init))
                0x0000000000000194                __init_size__ = SIZEOF (.init)
                0x0000000000000264                __init_load_end__ = __init_end__
                0x0000000000000001                . = ASSERT (((__init_start__ == __init_end__) || ((__init_end__ - __ILM_RAM_segment_start__) <= __ILM_RAM_segment_size__)), error: .init is too large to fit in DLM_RAM memory segment)
                0x0000000000000264                __algo_buff_load_start__ = ALIGN (__init_load_end__, 0x4)

.algo_buff      0x0000000000000264        0x0
                0x0000000000000264                __algo_buff_start__ = .
 *(.algo_buff .algo_buff.*)
                0x0000000000000000                __algo_buff_size__ = ALIGN (SIZEOF (.algo_buff), 0x4)
                0x0000000000000264                __algo_buff_end__ = (__algo_buff_start__ + __algo_buff_size__)
                0x0000000000000264                __algo_buff_load_end__ = __algo_buff_end__
                0x0000000000000264                __text_load_start__ = ALIGN (__algo_buff_load_end__, 0x4)

.text           0x0000000000000264    0x21042
                0x0000000000000264                __text_start__ = .
 *(.text .text.*)
 .text.SysTick_IRQHandler
                0x0000000000000264        0x2 Output/RAM_DEMO/Obj/WITIN_PROJECT/wtm2101_it.o
                0x0000000000000264                SysTick_IRQHandler
 *fill*         0x0000000000000266        0x2 
 .text.core_exception_handler
                0x0000000000000268       0x12 Output/RAM_DEMO/Obj/WITIN_PROJECT/wtm2101_it.o
                0x0000000000000268                core_exception_handler
 *fill*         0x000000000000027a        0x2 
 .text.system_clock_init_internal_24M
                0x000000000000027c       0x92 Output/RAM_DEMO/Obj/WITIN_PROJECT/main.o
                0x000000000000027c                system_clock_init_internal_24M
 *fill*         0x000000000000030e        0x2 
 .text.audio_init
                0x0000000000000310       0x6a Output/RAM_DEMO/Obj/WITIN_PROJECT/main.o
                0x0000000000000310                audio_init
 *fill*         0x000000000000037a        0x2 
 .text.audio_run
                0x000000000000037c       0x56 Output/RAM_DEMO/Obj/WITIN_PROJECT/main.o
                0x000000000000037c                audio_run
 *fill*         0x00000000000003d2        0x2 
 .text.i2s_init
                0x00000000000003d4       0x72 Output/RAM_DEMO/Obj/WITIN_PROJECT/main.o
                0x00000000000003d4                i2s_init
 *fill*         0x0000000000000446        0x2 
 .text.AUDIO_IRQHandler
                0x0000000000000448       0x40 Output/RAM_DEMO/Obj/WITIN_PROJECT/main.o
                0x0000000000000448                AUDIO_IRQHandler
 *fill*         0x0000000000000488        0x0 
 .text.DMA_IRQHandler
                0x0000000000000488       0xbc Output/RAM_DEMO/Obj/WITIN_PROJECT/main.o
                0x0000000000000488                DMA_IRQHandler
 .text.startup.main
                0x0000000000000544      0x22e Output/RAM_DEMO/Obj/WITIN_PROJECT/main.o
                0x0000000000000544                main
 *fill*         0x0000000000000772        0x2 
 .text.AFC_Set_Enable_Cmd
                0x0000000000000774       0x26 Output/RAM_DEMO/Obj/WITIN_PROJECT/afc.o
                0x0000000000000774                AFC_Set_Enable_Cmd
 *fill*         0x000000000000079a        0x2 
 .text.AFC_Get_Frequency_Calibration_Cycle_Count
                0x000000000000079c       0x2a Output/RAM_DEMO/Obj/WITIN_PROJECT/afc.o
                0x000000000000079c                AFC_Get_Frequency_Calibration_Cycle_Count
 *fill*         0x00000000000007c6        0x2 
 .text.AFC_Set_Interrupt_Mask
                0x00000000000007c8        0x6 Output/RAM_DEMO/Obj/WITIN_PROJECT/afc.o
                0x00000000000007c8                AFC_Set_Interrupt_Mask
 *fill*         0x00000000000007ce        0x2 
 .text.AFC_Set_Interrupt_Clear
                0x00000000000007d0        0x6 Output/RAM_DEMO/Obj/WITIN_PROJECT/afc.o
                0x00000000000007d0                AFC_Set_Interrupt_Clear
 *fill*         0x00000000000007d6        0x2 
 .text.AUDIO_Set_Channel_Transmit_Cmd
                0x00000000000007d8       0x5c Output/RAM_DEMO/Obj/WITIN_PROJECT/audio.o
                0x00000000000007d8                AUDIO_Set_Channel_Transmit_Cmd
 .text.AUDIO_Set_Channel_Transmit_Mode
                0x0000000000000834       0x36 Output/RAM_DEMO/Obj/WITIN_PROJECT/audio.o
                0x0000000000000834                AUDIO_Set_Channel_Transmit_Mode
 *fill*         0x000000000000086a        0x2 
 .text.AUDIO_Set_Channel_Input_Select
                0x000000000000086c       0x4c Output/RAM_DEMO/Obj/WITIN_PROJECT/audio.o
                0x000000000000086c                AUDIO_Set_Channel_Input_Select
 .text.AUDIO_Set_Channel_Clock_Divider
                0x00000000000008b8       0x12 Output/RAM_DEMO/Obj/WITIN_PROJECT/audio.o
                0x00000000000008b8                AUDIO_Set_Channel_Clock_Divider
 *fill*         0x00000000000008ca        0x2 
 .text.AUDIO_Set_Channel_Edge_Capture_Select
                0x00000000000008cc       0x4e Output/RAM_DEMO/Obj/WITIN_PROJECT/audio.o
                0x00000000000008cc                AUDIO_Set_Channel_Edge_Capture_Select
 *fill*         0x000000000000091a        0x2 
 .text.AUDIO_Set_Sinc5d2_Bypass_Cmd
                0x000000000000091c       0x1a Output/RAM_DEMO/Obj/WITIN_PROJECT/audio.o
                0x000000000000091c                AUDIO_Set_Sinc5d2_Bypass_Cmd
 *fill*         0x0000000000000936        0x2 
 .text.AUDIO_Set_Halfband_Bypass_Cmd
                0x0000000000000938       0x1c Output/RAM_DEMO/Obj/WITIN_PROJECT/audio.o
                0x0000000000000938                AUDIO_Set_Halfband_Bypass_Cmd
 .text.AUDIO_Set_Highpass_Bypass_Cmd
                0x0000000000000954       0x1c Output/RAM_DEMO/Obj/WITIN_PROJECT/audio.o
                0x0000000000000954                AUDIO_Set_Highpass_Bypass_Cmd
 .text.AUDIO_Set_Channel2_High_Bypass_Cmd
                0x0000000000000970       0x1c Output/RAM_DEMO/Obj/WITIN_PROJECT/audio.o
                0x0000000000000970                AUDIO_Set_Channel2_High_Bypass_Cmd
 .text.AUDIO_Set_Channel0_Select_Pdm
                0x000000000000098c       0x28 Output/RAM_DEMO/Obj/WITIN_PROJECT/audio.o
                0x000000000000098c                AUDIO_Set_Channel0_Select_Pdm
 .text.AUDIO_Set_Channel1_Select_Pdm
                0x00000000000009b4       0x26 Output/RAM_DEMO/Obj/WITIN_PROJECT/audio.o
                0x00000000000009b4                AUDIO_Set_Channel1_Select_Pdm
 *fill*         0x00000000000009da        0x2 
 .text.AUDIO_Reset_Vad
                0x00000000000009dc       0x1a Output/RAM_DEMO/Obj/WITIN_PROJECT/audio.o
                0x00000000000009dc                AUDIO_Reset_Vad
 *fill*         0x00000000000009f6        0x2 
 .text.AUDIO_Channel0_12bit_Pcm_Cmd
                0x00000000000009f8       0x1c Output/RAM_DEMO/Obj/WITIN_PROJECT/audio.o
                0x00000000000009f8                AUDIO_Channel0_12bit_Pcm_Cmd
 .text.AUDIO_Set_CHANNEL0_PCM_ZEROPADDING
                0x0000000000000a14       0x16 Output/RAM_DEMO/Obj/WITIN_PROJECT/audio.o
                0x0000000000000a14                AUDIO_Set_CHANNEL0_PCM_ZEROPADDING
 *fill*         0x0000000000000a2a        0x2 
 .text.AUDIO_Set_Pre_Emphasis_Bypass_Cmd
                0x0000000000000a2c       0x1c Output/RAM_DEMO/Obj/WITIN_PROJECT/audio.o
                0x0000000000000a2c                AUDIO_Set_Pre_Emphasis_Bypass_Cmd
 .text.AUDIO_Set_Analog_Emphasis_Cmd
                0x0000000000000a48       0x1c Output/RAM_DEMO/Obj/WITIN_PROJECT/audio.o
                0x0000000000000a48                AUDIO_Set_Analog_Emphasis_Cmd
 .text.AUDIO_Set_RAM_Depth
                0x0000000000000a64       0x28 Output/RAM_DEMO/Obj/WITIN_PROJECT/audio.o
                0x0000000000000a64                AUDIO_Set_RAM_Depth
 .text.AUDIO_Set_RAM_Frame_Move
                0x0000000000000a8c       0x36 Output/RAM_DEMO/Obj/WITIN_PROJECT/audio.o
                0x0000000000000a8c                AUDIO_Set_RAM_Frame_Move
 *fill*         0x0000000000000ac2        0x2 
 .text.AUDIO_Set_RAM_Length
                0x0000000000000ac4       0x18 Output/RAM_DEMO/Obj/WITIN_PROJECT/audio.o
                0x0000000000000ac4                AUDIO_Set_RAM_Length
 .text.AUDIO_Clear_Ram_Interrupt
                0x0000000000000adc       0x76 Output/RAM_DEMO/Obj/WITIN_PROJECT/audio.o
                0x0000000000000adc                AUDIO_Clear_Ram_Interrupt
 *fill*         0x0000000000000b52        0x2 
 .text.AUDIO_Set_Channel_Gain_Configuration
                0x0000000000000b54       0x44 Output/RAM_DEMO/Obj/WITIN_PROJECT/audio.o
                0x0000000000000b54                AUDIO_Set_Channel_Gain_Configuration
 .text.AUDIO_Get_Ram_Interrupt_Status
                0x0000000000000b98       0x24 Output/RAM_DEMO/Obj/WITIN_PROJECT/audio.o
                0x0000000000000b98                AUDIO_Get_Ram_Interrupt_Status
 .text.AUDIO_Set_Ram_Interrupt_Mask
                0x0000000000000bbc       0x4a Output/RAM_DEMO/Obj/WITIN_PROJECT/audio.o
                0x0000000000000bbc                AUDIO_Set_Ram_Interrupt_Mask
 *fill*         0x0000000000000c06        0x2 
 .text.AUDIO_Set_FIFO_Interrupt_Mask
                0x0000000000000c08      0x35a Output/RAM_DEMO/Obj/WITIN_PROJECT/audio.o
                0x0000000000000c08                AUDIO_Set_FIFO_Interrupt_Mask
 *fill*         0x0000000000000f62        0x2 
 .text.AUDIO_Set_Vad_Interrupt_Mask
                0x0000000000000f64       0x24 Output/RAM_DEMO/Obj/WITIN_PROJECT/audio.o
                0x0000000000000f64                AUDIO_Set_Vad_Interrupt_Mask
 .text.AUDIO_Set_Clock_Switch_Configuration
                0x0000000000000f88       0x62 Output/RAM_DEMO/Obj/WITIN_PROJECT/audio.o
                0x0000000000000f88                AUDIO_Set_Clock_Switch_Configuration
 *fill*         0x0000000000000fea        0x2 
 .text.VAD_Config
                0x0000000000000fec       0x6e Output/RAM_DEMO/Obj/WITIN_PROJECT/audio.o
                0x0000000000000fec                VAD_Config
 *fill*         0x000000000000105a        0x2 
 .text.DMA_Init
                0x000000000000105c      0x162 Output/RAM_DEMO/Obj/WITIN_PROJECT/dma.o
                0x000000000000105c                DMA_Init
 *fill*         0x00000000000011be        0x2 
 .text.DMA_Set_Enable_Cmd
                0x00000000000011c0        0xe Output/RAM_DEMO/Obj/WITIN_PROJECT/dma.o
                0x00000000000011c0                DMA_Set_Enable_Cmd
 *fill*         0x00000000000011ce        0x2 
 .text.DMA_Set_Channel_Enable_Cmd
                0x00000000000011d0       0x12 Output/RAM_DEMO/Obj/WITIN_PROJECT/dma.o
                0x00000000000011d0                DMA_Set_Channel_Enable_Cmd
 *fill*         0x00000000000011e2        0x2 
 .text.DMA_Set_Block_Interrupt_Cmd
                0x00000000000011e4       0x12 Output/RAM_DEMO/Obj/WITIN_PROJECT/dma.o
                0x00000000000011e4                DMA_Set_Block_Interrupt_Cmd
 *fill*         0x00000000000011f6        0x2 
 .text.DMA_Set_Transfer_Interrupt_Cmd
                0x00000000000011f8       0x12 Output/RAM_DEMO/Obj/WITIN_PROJECT/dma.o
                0x00000000000011f8                DMA_Set_Transfer_Interrupt_Cmd
 *fill*         0x000000000000120a        0x2 
 .text.DMA_Get_Block_Interrupt_Status
                0x000000000000120c        0x6 Output/RAM_DEMO/Obj/WITIN_PROJECT/dma.o
                0x000000000000120c                DMA_Get_Block_Interrupt_Status
 *fill*         0x0000000000001212        0x2 
 .text.DMA_Get_Transfer_Interrupt_Status
                0x0000000000001214        0x6 Output/RAM_DEMO/Obj/WITIN_PROJECT/dma.o
                0x0000000000001214                DMA_Get_Transfer_Interrupt_Status
 *fill*         0x000000000000121a        0x2 
 .text.DMA_Clear_Block_Interrupt_Cmd
                0x000000000000121c        0xe Output/RAM_DEMO/Obj/WITIN_PROJECT/dma.o
                0x000000000000121c                DMA_Clear_Block_Interrupt_Cmd
 *fill*         0x000000000000122a        0x2 
 .text.DMA_Clear_Transfer_Interrupt_Cmd
                0x000000000000122c        0xe Output/RAM_DEMO/Obj/WITIN_PROJECT/dma.o
                0x000000000000122c                DMA_Clear_Transfer_Interrupt_Cmd
 *fill*         0x000000000000123a        0x2 
 .text.DMA_Clear_All_Interrupt_Cmd
                0x000000000000123c       0x3e Output/RAM_DEMO/Obj/WITIN_PROJECT/dma.o
                0x000000000000123c                DMA_Clear_All_Interrupt_Cmd
 *fill*         0x000000000000127a        0x2 
 .text.DMA_Set_Addr
                0x000000000000127c       0xc4 Output/RAM_DEMO/Obj/WITIN_PROJECT/dma.o
                0x000000000000127c                DMA_Set_Addr
 .text.FBANK_Clear_Interrupt_Cmd
                0x0000000000001340       0x8a Output/RAM_DEMO/Obj/WITIN_PROJECT/fbank.o
                0x0000000000001340                FBANK_Clear_Interrupt_Cmd
 *fill*         0x00000000000013ca        0x2 
 .text.GPIO_Init
                0x00000000000013cc      0x282 Output/RAM_DEMO/Obj/WITIN_PROJECT/gpio.o
                0x00000000000013cc                GPIO_Init
 *fill*         0x000000000000164e        0x2 
 .text.GPIO_DeInit
                0x0000000000001650       0x78 Output/RAM_DEMO/Obj/WITIN_PROJECT/gpio.o
                0x0000000000001650                GPIO_DeInit
 .text.I2S_Mode_Sel
                0x00000000000016c8       0x1c Output/RAM_DEMO/Obj/WITIN_PROJECT/i2s.o
                0x00000000000016c8                I2S_Mode_Sel
 .text.I2S_Ctl  0x00000000000016e4       0x1a Output/RAM_DEMO/Obj/WITIN_PROJECT/i2s.o
                0x00000000000016e4                I2S_Ctl
 *fill*         0x00000000000016fe        0x2 
 .text.I2S_RxBlkCtl
                0x0000000000001700       0x1a Output/RAM_DEMO/Obj/WITIN_PROJECT/i2s.o
                0x0000000000001700                I2S_RxBlkCtl
 *fill*         0x000000000000171a        0x2 
 .text.I2S_TxBlkCtl
                0x000000000000171c       0x1a Output/RAM_DEMO/Obj/WITIN_PROJECT/i2s.o
                0x000000000000171c                I2S_TxBlkCtl
 *fill*         0x0000000000001736        0x2 
 .text.I2S_ClkCtl
                0x0000000000001738       0x1a Output/RAM_DEMO/Obj/WITIN_PROJECT/i2s.o
                0x0000000000001738                I2S_ClkCtl
 *fill*         0x0000000000001752        0x2 
 .text.I2S_ClkCfg
                0x0000000000001754       0x22 Output/RAM_DEMO/Obj/WITIN_PROJECT/i2s.o
                0x0000000000001754                I2S_ClkCfg
 *fill*         0x0000000000001776        0x2 
 .text.I2S_RxChlCtl
                0x0000000000001778       0x1a Output/RAM_DEMO/Obj/WITIN_PROJECT/i2s.o
                0x0000000000001778                I2S_RxChlCtl
 *fill*         0x0000000000001792        0x2 
 .text.I2S_TxChlCtl
                0x0000000000001794       0x1a Output/RAM_DEMO/Obj/WITIN_PROJECT/i2s.o
                0x0000000000001794                I2S_TxChlCtl
 *fill*         0x00000000000017ae        0x2 
 .text.I2S_RxCfg
                0x00000000000017b0        0x6 Output/RAM_DEMO/Obj/WITIN_PROJECT/i2s.o
                0x00000000000017b0                I2S_RxCfg
 *fill*         0x00000000000017b6        0x2 
 .text.I2S_TxCfg
                0x00000000000017b8        0x6 Output/RAM_DEMO/Obj/WITIN_PROJECT/i2s.o
                0x00000000000017b8                I2S_TxCfg
 *fill*         0x00000000000017be        0x2 
 .text.I2S_IT_MskCtl
                0x00000000000017c0       0x1e Output/RAM_DEMO/Obj/WITIN_PROJECT/i2s.o
                0x00000000000017c0                I2S_IT_MskCtl
 *fill*         0x00000000000017de        0x2 
 .text.I2S_RxFIFO_LVLCfg
                0x00000000000017e0        0x6 Output/RAM_DEMO/Obj/WITIN_PROJECT/i2s.o
                0x00000000000017e0                I2S_RxFIFO_LVLCfg
 *fill*         0x00000000000017e6        0x2 
 .text.I2S_TxFIFO_LVLCfg
                0x00000000000017e8        0x6 Output/RAM_DEMO/Obj/WITIN_PROJECT/i2s.o
                0x00000000000017e8                I2S_TxFIFO_LVLCfg
 *fill*         0x00000000000017ee        0x2 
 .text.I2S_RxFIFO_Flush
                0x00000000000017f0        0x6 Output/RAM_DEMO/Obj/WITIN_PROJECT/i2s.o
                0x00000000000017f0                I2S_RxFIFO_Flush
 *fill*         0x00000000000017f6        0x2 
 .text.I2S_TxFIFO_Flush
                0x00000000000017f8        0x6 Output/RAM_DEMO/Obj/WITIN_PROJECT/i2s.o
                0x00000000000017f8                I2S_TxFIFO_Flush
 *fill*         0x00000000000017fe        0x2 
 .text.I2S_RxBlk_DMA_Rst
                0x0000000000001800        0xa Output/RAM_DEMO/Obj/WITIN_PROJECT/i2s.o
                0x0000000000001800                I2S_RxBlk_DMA_Rst
 *fill*         0x000000000000180a        0x2 
 .text.I2S_TxBlk_DMA_Rst
                0x000000000000180c        0xa Output/RAM_DEMO/Obj/WITIN_PROJECT/i2s.o
                0x000000000000180c                I2S_TxBlk_DMA_Rst
 *fill*         0x0000000000001816        0x2 
 .text.npu_clk_div
                0x0000000000001818       0x16 Output/RAM_DEMO/Obj/WITIN_PROJECT/npu.o
                0x0000000000001818                npu_clk_div
 *fill*         0x000000000000182e        0x2 
 .text.npu_soft_reset
                0x0000000000001830       0x32 Output/RAM_DEMO/Obj/WITIN_PROJECT/npu.o
                0x0000000000001830                npu_soft_reset
 *fill*         0x0000000000001862        0x2 
 .text.NPU_Init
                0x0000000000001864       0x42 Output/RAM_DEMO/Obj/WITIN_PROJECT/npu.o
                0x0000000000001864                NPU_Init
 *fill*         0x00000000000018a6        0x2 
 .text.PMU_Standby_Mode_Cmd
                0x00000000000018a8       0x12 Output/RAM_DEMO/Obj/WITIN_PROJECT/pmu.o
                0x00000000000018a8                PMU_Standby_Mode_Cmd
 *fill*         0x00000000000018ba        0x2 
 .text.PMU_Enable_External_Clock
                0x00000000000018bc       0x1a Output/RAM_DEMO/Obj/WITIN_PROJECT/pmu.o
                0x00000000000018bc                PMU_Enable_External_Clock
 *fill*         0x00000000000018d6        0x2 
 .text.PMU_Select_24Mhz_Clock_Cmd
                0x00000000000018d8       0x30 Output/RAM_DEMO/Obj/WITIN_PROJECT/pmu.o
                0x00000000000018d8                PMU_Select_24Mhz_Clock_Cmd
 .text.PMU_Get_24M_Clock_Source_div
                0x0000000000001908       0x38 Output/RAM_DEMO/Obj/WITIN_PROJECT/pmu.o
                0x0000000000001908                PMU_Get_24M_Clock_Source_div
 .text.PMU_Set_24M_Clock_Source_div
                0x0000000000001940       0xd8 Output/RAM_DEMO/Obj/WITIN_PROJECT/pmu.o
                0x0000000000001940                PMU_Set_24M_Clock_Source_div
 .text.PMU_Set_Clock_Source_Cmd
                0x0000000000001a18      0x1f0 Output/RAM_DEMO/Obj/WITIN_PROJECT/pmu.o
                0x0000000000001a18                PMU_Set_Clock_Source_Cmd
 .text.PMU_Set_Audio_Clock_Cmd
                0x0000000000001c08       0x22 Output/RAM_DEMO/Obj/WITIN_PROJECT/pmu.o
                0x0000000000001c08                PMU_Set_Audio_Clock_Cmd
 *fill*         0x0000000000001c2a        0x2 
 .text.PMU_Set_Rsm_Mode_Parameter
                0x0000000000001c2c      0x206 Output/RAM_DEMO/Obj/WITIN_PROJECT/pmu.o
                0x0000000000001c2c                PMU_Set_Rsm_Mode_Parameter
 *fill*         0x0000000000001e32        0x2 
 .text.PMU_Set_Ie_Msk
                0x0000000000001e34      0x206 Output/RAM_DEMO/Obj/WITIN_PROJECT/pmu.o
                0x0000000000001e34                PMU_Set_Ie_Msk
 *fill*         0x000000000000203a        0x2 
 .text.PMU_Set_Npu_Clock_Cmd
                0x000000000000203c       0x22 Output/RAM_DEMO/Obj/WITIN_PROJECT/pmu.o
                0x000000000000203c                PMU_Set_Npu_Clock_Cmd
 *fill*         0x000000000000205e        0x2 
 .text.PMU_Get_Audio_Clock_Div_Num
                0x0000000000002060        0xe Output/RAM_DEMO/Obj/WITIN_PROJECT/pmu.o
                0x0000000000002060                PMU_Get_Audio_Clock_Div_Num
 *fill*         0x000000000000206e        0x2 
 .text.PMU_Set_Audio_Clock_Div_Num
                0x0000000000002070       0x16 Output/RAM_DEMO/Obj/WITIN_PROJECT/pmu.o
                0x0000000000002070                PMU_Set_Audio_Clock_Div_Num
 *fill*         0x0000000000002086        0x2 
 .text.PMU_Set_24M_Trim_Source
                0x0000000000002088       0x26 Output/RAM_DEMO/Obj/WITIN_PROJECT/pmu.o
                0x0000000000002088                PMU_Set_24M_Trim_Source
 *fill*         0x00000000000020ae        0x2 
 .text.PMU_Set_320K_Trim_Source
                0x00000000000020b0       0x26 Output/RAM_DEMO/Obj/WITIN_PROJECT/pmu.o
                0x00000000000020b0                PMU_Set_320K_Trim_Source
 *fill*         0x00000000000020d6        0x2 
 .text.RCC_SYSClk_Sel
                0x00000000000020d8       0x20 Output/RAM_DEMO/Obj/WITIN_PROJECT/rcc.o
                0x00000000000020d8                RCC_SYSClk_Sel
 .text.RCC_Get_SYSClk
                0x00000000000020f8      0x222 Output/RAM_DEMO/Obj/WITIN_PROJECT/rcc.o
                0x00000000000020f8                RCC_Get_SYSClk
 *fill*         0x000000000000231a        0x2 
 .text.RCC_CLK_EN_Ctl
                0x000000000000231c       0x26 Output/RAM_DEMO/Obj/WITIN_PROJECT/rcc.o
                0x000000000000231c                RCC_CLK_EN_Ctl
 *fill*         0x0000000000002342        0x2 
 .text.RCC_AHB_Set_ClkDiv
                0x0000000000002344       0x16 Output/RAM_DEMO/Obj/WITIN_PROJECT/rcc.o
                0x0000000000002344                RCC_AHB_Set_ClkDiv
 *fill*         0x000000000000235a        0x2 
 .text.RCC_AHB_Get_ClkDiv
                0x000000000000235c        0xe Output/RAM_DEMO/Obj/WITIN_PROJECT/rcc.o
                0x000000000000235c                RCC_AHB_Get_ClkDiv
 *fill*         0x000000000000236a        0x2 
 .text.RCC_APB0_Set_ClkDiv
                0x000000000000236c       0x12 Output/RAM_DEMO/Obj/WITIN_PROJECT/rcc.o
                0x000000000000236c                RCC_APB0_Set_ClkDiv
 *fill*         0x000000000000237e        0x2 
 .text.RCC_APB0_Get_ClkDiv
                0x0000000000002380        0xa Output/RAM_DEMO/Obj/WITIN_PROJECT/rcc.o
                0x0000000000002380                RCC_APB0_Get_ClkDiv
 *fill*         0x000000000000238a        0x2 
 .text.RCC_I2S0_Set_ClkDiv
                0x000000000000238c       0x16 Output/RAM_DEMO/Obj/WITIN_PROJECT/rcc.o
                0x000000000000238c                RCC_I2S0_Set_ClkDiv
 *fill*         0x00000000000023a2        0x2 
 .text.RCC_I2S1_Set_ClkDiv
                0x00000000000023a4       0x1a Output/RAM_DEMO/Obj/WITIN_PROJECT/rcc.o
                0x00000000000023a4                RCC_I2S1_Set_ClkDiv
 *fill*         0x00000000000023be        0x2 
 .text.RCC_TIM0_Set_ClkDiv
                0x00000000000023c0       0x16 Output/RAM_DEMO/Obj/WITIN_PROJECT/rcc.o
                0x00000000000023c0                RCC_TIM0_Set_ClkDiv
 *fill*         0x00000000000023d6        0x2 
 .text.RCC_TIM0_Get_ClkDiv
                0x00000000000023d8        0xe Output/RAM_DEMO/Obj/WITIN_PROJECT/rcc.o
                0x00000000000023d8                RCC_TIM0_Get_ClkDiv
 *fill*         0x00000000000023e6        0x2 
 .text.RCC_TIM1_Get_ClkDiv
                0x00000000000023e8        0xe Output/RAM_DEMO/Obj/WITIN_PROJECT/rcc.o
                0x00000000000023e8                RCC_TIM1_Get_ClkDiv
 *fill*         0x00000000000023f6        0x2 
 .text.RCC_TIM2_Get_ClkDiv
                0x00000000000023f8        0xe Output/RAM_DEMO/Obj/WITIN_PROJECT/rcc.o
                0x00000000000023f8                RCC_TIM2_Get_ClkDiv
 *fill*         0x0000000000002406        0x2 
 .text.RCC_TIM3_Get_ClkDiv
                0x0000000000002408        0xa Output/RAM_DEMO/Obj/WITIN_PROJECT/rcc.o
                0x0000000000002408                RCC_TIM3_Get_ClkDiv
 *fill*         0x0000000000002412        0x2 
 .text.RCC_Peri_Rst
                0x0000000000002414       0x3e Output/RAM_DEMO/Obj/WITIN_PROJECT/rcc.o
                0x0000000000002414                RCC_Peri_Rst
 *fill*         0x0000000000002452        0x2 
 .text.RCC_Config_Dma_Requst0_Reuse
                0x0000000000002454       0x1e Output/RAM_DEMO/Obj/WITIN_PROJECT/rcc.o
                0x0000000000002454                RCC_Config_Dma_Requst0_Reuse
 *fill*         0x0000000000002472        0x2 
 .text.RCC_Config_Dma_Requst1_Reuse
                0x0000000000002474       0x1e Output/RAM_DEMO/Obj/WITIN_PROJECT/rcc.o
                0x0000000000002474                RCC_Config_Dma_Requst1_Reuse
 *fill*         0x0000000000002492        0x2 
 .text.RTC_Clear_Int_Cmd
                0x0000000000002494       0x16 Output/RAM_DEMO/Obj/WITIN_PROJECT/rtc.o
                0x0000000000002494                RTC_Clear_Int_Cmd
 *fill*         0x00000000000024aa        0x2 
 .text.TIMER_Transfer_millisecond_to_tick
                0x00000000000024ac       0x84 Output/RAM_DEMO/Obj/WITIN_PROJECT/timer.o
                0x00000000000024ac                TIMER_Transfer_millisecond_to_tick
 .text.TIMER_Init
                0x0000000000002530       0x7e Output/RAM_DEMO/Obj/WITIN_PROJECT/timer.o
                0x0000000000002530                TIMER_Init
 *fill*         0x00000000000025ae        0x2 
 .text.TIMER_Set_Enable_Cmd
                0x00000000000025b0       0x14 Output/RAM_DEMO/Obj/WITIN_PROJECT/timer.o
                0x00000000000025b0                TIMER_Set_Enable_Cmd
 .text.TIMER_Clear_Interrupt_Cmd
                0x00000000000025c4        0xa Output/RAM_DEMO/Obj/WITIN_PROJECT/timer.o
                0x00000000000025c4                TIMER_Clear_Interrupt_Cmd
 *fill*         0x00000000000025ce        0x2 
 .text.UART_Init
                0x00000000000025d0       0xae Output/RAM_DEMO/Obj/WITIN_PROJECT/uart.o
                0x00000000000025d0                UART_Init
 *fill*         0x000000000000267e        0x2 
 .text.UART_SendData
                0x0000000000002680        0x6 Output/RAM_DEMO/Obj/WITIN_PROJECT/uart.o
                0x0000000000002680                UART_SendData
 *fill*         0x0000000000002686        0x2 
 .text.UART_Flag_GetStatBit
                0x0000000000002688        0xa Output/RAM_DEMO/Obj/WITIN_PROJECT/uart.o
                0x0000000000002688                UART_Flag_GetStatBit
 *fill*         0x0000000000002692        0x2 
 .text.FFT_IRQHandler
                0x0000000000002694       0x1e Output/RAM_DEMO/Obj/WITIN_PROJECT/fbank_config.o
                0x0000000000002694                FFT_IRQHandler
 *fill*         0x00000000000026b2        0x2 
 .text.RTC_IRQHandler
                0x00000000000026b4        0x8 Output/RAM_DEMO/Obj/WITIN_PROJECT/rtc_config.o
                0x00000000000026b4                RTC_IRQHandler
 *fill*         0x00000000000026bc        0x0 
 .text.uart_open
                0x00000000000026bc       0x62 Output/RAM_DEMO/Obj/WITIN_PROJECT/uart_config.o
                0x00000000000026bc                uart_open
 *fill*         0x000000000000271e        0x2 
 .text.pvPortMalloc
                0x0000000000002720      0x1a0 Output/RAM_DEMO/Obj/WITIN_PROJECT/heap.o
                0x0000000000002720                pvPortMalloc
 .text.vPortFree
                0x00000000000028c0       0xaa Output/RAM_DEMO/Obj/WITIN_PROJECT/heap.o
                0x00000000000028c0                vPortFree
 *fill*         0x000000000000296a        0x2 
 .text.Ring_Cache_Init
                0x000000000000296c       0x7c Output/RAM_DEMO/Obj/WITIN_PROJECT/ring_cache.o
                0x000000000000296c                Ring_Cache_Init
 *fill*         0x00000000000029e8        0x0 
 .text.Ring_Cache_Push_String
                0x00000000000029e8      0x15e Output/RAM_DEMO/Obj/WITIN_PROJECT/ring_cache.o
                0x00000000000029e8                Ring_Cache_Push_String
 *fill*         0x0000000000002b46        0x2 
 .text.Ring_Cache_Pop
                0x0000000000002b48      0x130 Output/RAM_DEMO/Obj/WITIN_PROJECT/ring_cache.o
                0x0000000000002b48                Ring_Cache_Pop
 *fill*         0x0000000000002c78        0x8 
 .text.trap     0x0000000000002c80       0x7e Output/RAM_DEMO/Obj/WITIN_PROJECT/intexc_NUCLEI_N.o
                0x0000000000002c80                exc_entry
 *fill*         0x0000000000002cfe        0x2 
 .text.irq      0x0000000000002d00       0x76 Output/RAM_DEMO/Obj/WITIN_PROJECT/intexc_NUCLEI_N.o
                0x0000000000002d00                irq_entry
                0x0000000000002d72                default_intexc_handler
 *fill*         0x0000000000002d76        0x2 
 .text.osc_24m_calibration_start
                0x0000000000002d78      0x216 Output/RAM_DEMO/Obj/WITIN_PROJECT/osc_clock_calibration.o
                0x0000000000002d78                osc_24m_calibration_start
 *fill*         0x0000000000002f8e        0x2 
 .text.osc_320k_calibration_start
                0x0000000000002f90      0x1ea Output/RAM_DEMO/Obj/WITIN_PROJECT/osc_clock_calibration.o
                0x0000000000002f90                osc_320k_calibration_start
 *fill*         0x000000000000317a        0x2 
 .text.AFC24M_IRQHandler
                0x000000000000317c      0x36e Output/RAM_DEMO/Obj/WITIN_PROJECT/osc_clock_calibration.o
                0x000000000000317c                AFC24M_IRQHandler
 *fill*         0x00000000000034ea        0x2 
 .text.AFC320K_IRQHandler
                0x00000000000034ec      0x2c2 Output/RAM_DEMO/Obj/WITIN_PROJECT/osc_clock_calibration.o
                0x00000000000034ec                AFC320K_IRQHandler
 *fill*         0x00000000000037ae        0x2 
 .text.__putchar
                0x00000000000037b0       0x8a Output/RAM_DEMO/Obj/WITIN_PROJECT/retarget.o
                0x00000000000037b0                __putchar
 *fill*         0x000000000000383a        0x2 
 .text.printf_output_redirect_set
                0x000000000000383c       0x12 Output/RAM_DEMO/Obj/WITIN_PROJECT/retarget.o
                0x000000000000383c                printf_output_redirect_set
 *fill*         0x000000000000384e        0x2 
 .text.system_delay_s
                0x0000000000003850       0x9a Output/RAM_DEMO/Obj/WITIN_PROJECT/wtm2101_hal.o
                0x0000000000003850                system_delay_s
 *fill*         0x00000000000038ea        0x2 
 .text.system_delay_ms
                0x00000000000038ec       0xa6 Output/RAM_DEMO/Obj/WITIN_PROJECT/wtm2101_hal.o
                0x00000000000038ec                system_delay_ms
 *fill*         0x0000000000003992        0x2 
 .text.system_delay_us
                0x0000000000003994       0xaa Output/RAM_DEMO/Obj/WITIN_PROJECT/wtm2101_hal.o
                0x0000000000003994                system_delay_us
 *fill*         0x0000000000003a3e        0x2 
 .text.mmap_to_sys
                0x0000000000003a40       0xa2 Output/RAM_DEMO/Obj/WITIN_PROJECT/wtm2101_mmap.o
                0x0000000000003a40                mmap_to_sys
 *fill*         0x0000000000003ae2        0x2 
 .text.heap_init
                0x0000000000003ae4       0x16 Output/RAM_DEMO/Obj/WITIN_PROJECT/wtm2101_system.o
                0x0000000000003ae4                heap_init
 *fill*         0x0000000000003afa        0x2 
 .text.SystemInit
                0x0000000000003afc       0x4a Output/RAM_DEMO/Obj/WITIN_PROJECT/wtm2101_system.o
                0x0000000000003afc                SystemInit
 *fill*         0x0000000000003b46        0x2 
 .text._premain_init
                0x0000000000003b48       0x2a Output/RAM_DEMO/Obj/WITIN_PROJECT/wtm2101_system.o
                0x0000000000003b48                _premain_init
 *fill*         0x0000000000003b72        0x2 
 .text._postmain_fini
                0x0000000000003b74        0x2 Output/RAM_DEMO/Obj/WITIN_PROJECT/wtm2101_system.o
                0x0000000000003b74                _postmain_fini
 *fill*         0x0000000000003b76        0x2 
 .text.witin_layer_handler
                0x0000000000003b78        0x2 Output/RAM_DEMO/Obj/WITIN_PROJECT/npu_hal.o
                0x0000000000003b78                witin_layer_handler
 *fill*         0x0000000000003b7a        0x2 
 .text.npu_init
                0x0000000000003b7c      0x174 Output/RAM_DEMO/Obj/WITIN_PROJECT/npu_hal.o
                0x0000000000003b7c                npu_init
 *fill*         0x0000000000003cf0        0x0 
 .text.npu_infer
                0x0000000000003cf0       0x3e Output/RAM_DEMO/Obj/WITIN_PROJECT/npu_hal.o
                0x0000000000003cf0                npu_infer
 *fill*         0x0000000000003d2e        0x2 
 .text.dma_receive_handler
                0x0000000000003d30       0x14 Output/RAM_DEMO/Obj/WITIN_PROJECT/hal_audio.o
 .text.audio_receive_handler
                0x0000000000003d44       0x9a Output/RAM_DEMO/Obj/WITIN_PROJECT/hal_audio.o
 *fill*         0x0000000000003dde        0x2 
 .text.hal_audio_instance_get
                0x0000000000003de0       0x22 Output/RAM_DEMO/Obj/WITIN_PROJECT/hal_audio.o
                0x0000000000003de0                hal_audio_instance_get
 *fill*         0x0000000000003e02        0x2 
 .text.VAD_IRQHandler
                0x0000000000003e04        0xa Output/RAM_DEMO/Obj/WITIN_PROJECT/hal_audio.o
                0x0000000000003e04                VAD_IRQHandler
 *fill*         0x0000000000003e0e        0x2 
 .text.hal_audio_init
                0x0000000000003e10      0x188 Output/RAM_DEMO/Obj/WITIN_PROJECT/hal_audio.o
                0x0000000000003e10                hal_audio_init
 .text.hal_audio_open
                0x0000000000003f98      0x750 Output/RAM_DEMO/Obj/WITIN_PROJECT/hal_audio.o
                0x0000000000003f98                hal_audio_open
 .text.hal_audio_ctl
                0x00000000000046e8      0x398 Output/RAM_DEMO/Obj/WITIN_PROJECT/hal_audio.o
                0x00000000000046e8                hal_audio_ctl
 .text.hal_audio_read
                0x0000000000004a80       0xf2 Output/RAM_DEMO/Obj/WITIN_PROJECT/hal_audio.o
                0x0000000000004a80                hal_audio_read
 *fill*         0x0000000000004b72        0x2 
 .text.hal_clock_instance_get
                0x0000000000004b74        0xa Output/RAM_DEMO/Obj/WITIN_PROJECT/hal_clock.o
                0x0000000000004b74                hal_clock_instance_get
 *fill*         0x0000000000004b7e        0x2 
 .text.hal_clock_init
                0x0000000000004b80       0x78 Output/RAM_DEMO/Obj/WITIN_PROJECT/hal_clock.o
                0x0000000000004b80                hal_clock_init
 .text.hal_clock_open
                0x0000000000004bf8      0x316 Output/RAM_DEMO/Obj/WITIN_PROJECT/hal_clock.o
                0x0000000000004bf8                hal_clock_open
 *fill*         0x0000000000004f0e        0x2 
 .text.transfer_and_receive_handler
                0x0000000000004f10      0x14a Output/RAM_DEMO/Obj/WITIN_PROJECT/hal_i2s.o
 *fill*         0x000000000000505a        0x2 
 .text.TIMER0_IRQHandler
                0x000000000000505c       0x1e Output/RAM_DEMO/Obj/WITIN_PROJECT/hal_i2s.o
                0x000000000000505c                TIMER0_IRQHandler
 *fill*         0x000000000000507a        0x2 
 .text.hal_i2s_instance_get
                0x000000000000507c       0x22 Output/RAM_DEMO/Obj/WITIN_PROJECT/hal_i2s.o
                0x000000000000507c                hal_i2s_instance_get
 *fill*         0x000000000000509e        0x2 
 .text.hal_i2s_init
                0x00000000000050a0      0x15e Output/RAM_DEMO/Obj/WITIN_PROJECT/hal_i2s.o
                0x00000000000050a0                hal_i2s_init
 *fill*         0x00000000000051fe        0x2 
 .text.hal_i2s_open
                0x0000000000005200      0x506 Output/RAM_DEMO/Obj/WITIN_PROJECT/hal_i2s.o
                0x0000000000005200                hal_i2s_open
 *fill*         0x0000000000005706        0x2 
 .text.hal_i2s_ctl
                0x0000000000005708      0x3f4 Output/RAM_DEMO/Obj/WITIN_PROJECT/hal_i2s.o
                0x0000000000005708                hal_i2s_ctl
 .text.hal_i2s_write
                0x0000000000005afc      0x3cc Output/RAM_DEMO/Obj/WITIN_PROJECT/hal_i2s.o
                0x0000000000005afc                hal_i2s_write
 .text.UART0_IRQHandler
                0x0000000000005ec8       0x12 Output/RAM_DEMO/Obj/WITIN_PROJECT/hal_uart.o
                0x0000000000005ec8                UART0_IRQHandler
 *fill*         0x0000000000005eda        0x2 
 .text.UART1_IRQHandler
                0x0000000000005edc       0x12 Output/RAM_DEMO/Obj/WITIN_PROJECT/hal_uart.o
                0x0000000000005edc                UART1_IRQHandler
 *fill*         0x0000000000005eee        0x2 
 .text.TIMER1_IRQHandler
                0x0000000000005ef0       0x2e Output/RAM_DEMO/Obj/WITIN_PROJECT/hal_uart.o
                0x0000000000005ef0                TIMER1_IRQHandler
 *fill*         0x0000000000005f1e        0x2 
 .text.TIMER2_IRQHandler
                0x0000000000005f20       0x2e Output/RAM_DEMO/Obj/WITIN_PROJECT/hal_uart.o
                0x0000000000005f20                TIMER2_IRQHandler
 *fill*         0x0000000000005f4e        0x2 
 .text.TIMER3_IRQHandler
                0x0000000000005f50       0x2e Output/RAM_DEMO/Obj/WITIN_PROJECT/hal_uart.o
                0x0000000000005f50                TIMER3_IRQHandler
 *fill*         0x0000000000005f7e        0x2 
 .text.SEGGER_RTT_Write
                0x0000000000005f80      0x246 Output/RAM_DEMO/Obj/WITIN_PROJECT/SEGGER_RTT.o
                0x0000000000005f80                SEGGER_RTT_Write
 *fill*         0x00000000000061c6        0x2 
 .text.fft_init
                0x00000000000061c8       0x16 Output/RAM_DEMO/Obj/WITIN_PROJECT/feature_tools.o
                0x00000000000061c8                fft_init
 *fill*         0x00000000000061de        0x2 
 .text.get_fbank
                0x00000000000061e0      0x254 Output/RAM_DEMO/Obj/WITIN_PROJECT/feature_tools.o
                0x00000000000061e0                get_fbank
 *fill*         0x0000000000006434        0x0 
 .text.arm_rfft_q31
                0x0000000000006434      0x5ca Output/RAM_DEMO/Obj/WITIN_PROJECT/witin_math_lib.o
                0x0000000000006434                arm_rfft_q31
 *fill*         0x00000000000069fe        0x2 
 .text.arm_rfft_init_q31
                0x0000000000006a00       0x46 Output/RAM_DEMO/Obj/WITIN_PROJECT/witin_math_lib.o
                0x0000000000006a00                arm_rfft_init_q31
 *fill*         0x0000000000006a46        0x2 
 .text.wengine_init
                0x0000000000006a48      0x170 ../Lib/RAM_DEMO/Library.a(witin_npu_engine.o)
                0x0000000000006a48                wengine_init
 .text.wengine_process_net
                0x0000000000006bb8       0x98 ../Lib/RAM_DEMO/Library.a(witin_npu_engine.o)
                0x0000000000006bb8                wengine_process_net
 .text.wengine_set_hook
                0x0000000000006c50        0xc ../Lib/RAM_DEMO/Library.a(witin_npu_engine.o)
                0x0000000000006c50                wengine_set_hook
 .text.wengine_get_input_info
                0x0000000000006c5c      0x124 ../Lib/RAM_DEMO/Library.a(witin_npu_engine.o)
                0x0000000000006c5c                wengine_get_input_info
 .text.wengine_get_output_info
                0x0000000000006d80      0x124 ../Lib/RAM_DEMO/Library.a(witin_npu_engine.o)
                0x0000000000006d80                wengine_get_output_info
 .text.wengine_set_input_data
                0x0000000000006ea4       0x18 ../Lib/RAM_DEMO/Library.a(witin_npu_engine.o)
                0x0000000000006ea4                wengine_set_input_data
 .text.wengine_get_output_data
                0x0000000000006ebc       0x18 ../Lib/RAM_DEMO/Library.a(witin_npu_engine.o)
                0x0000000000006ebc                wengine_get_output_data
 .text.witin_log.constprop.0
                0x0000000000006ed4       0x84 ../Lib/RAM_DEMO/Library.a(witin_npu_interface.o)
 .text.process_eventFlow.part.0
                0x0000000000006f58      0x85c ../Lib/RAM_DEMO/Library.a(witin_npu_interface.o)
 .text.witin_log
                0x00000000000077b4       0x80 ../Lib/RAM_DEMO/Library.a(witin_npu_interface.o)
                0x00000000000077b4                witin_log
 .text.witin_npu_init
                0x0000000000007834      0x1c4 ../Lib/RAM_DEMO/Library.a(witin_npu_interface.o)
                0x0000000000007834                witin_npu_init
 .text.process_write_input_data_common
                0x00000000000079f8      0x7d4 ../Lib/RAM_DEMO/Library.a(witin_npu_interface.o)
                0x00000000000079f8                process_write_input_data_common
 .text.process_read_output_data_common
                0x00000000000081cc      0x7cc ../Lib/RAM_DEMO/Library.a(witin_npu_interface.o)
                0x00000000000081cc                process_read_output_data_common
 .text.self_fast_copy
                0x0000000000008998      0x678 ../Lib/RAM_DEMO/Library.a(witin_npu_interface.o)
                0x0000000000008998                self_fast_copy
 .text.witin_npu_process_cnn
                0x0000000000009010      0x2a4 ../Lib/RAM_DEMO/Library.a(witin_npu_interface.o)
                0x0000000000009010                witin_npu_process_cnn
 .text.witin_npu_process_all_round
                0x00000000000092b4      0x174 ../Lib/RAM_DEMO/Library.a(witin_npu_interface.o)
                0x00000000000092b4                witin_npu_process_all_round
 .text.process_conv2dSplitFlow
                0x0000000000009428      0x308 ../Lib/RAM_DEMO/Library.a(witin_npu_interface.o)
                0x0000000000009428                process_conv2dSplitFlow
 .text.process_conv2DFlow
                0x0000000000009730      0x140 ../Lib/RAM_DEMO/Library.a(witin_npu_interface.o)
                0x0000000000009730                process_conv2DFlow
 .text.process_net_flow
                0x0000000000009870      0x614 ../Lib/RAM_DEMO/Library.a(witin_npu_interface.o)
                0x0000000000009870                process_net_flow
 .text.process_net
                0x0000000000009e84       0x6c ../Lib/RAM_DEMO/Library.a(witin_npu_interface.o)
                0x0000000000009e84                process_net
 .text.witin_backup_net
                0x0000000000009ef0      0x208 ../Lib/RAM_DEMO/Library.a(witin_npu_interface.o)
                0x0000000000009ef0                witin_backup_net
 .text.witin_resume_net
                0x000000000000a0f8       0x9c ../Lib/RAM_DEMO/Library.a(witin_npu_interface.o)
                0x000000000000a0f8                witin_resume_net
 .text.witin_reset_net
                0x000000000000a194      0x104 ../Lib/RAM_DEMO/Library.a(witin_npu_interface.o)
                0x000000000000a194                witin_reset_net
 .text.wnpu_set_npu_colck_gate
                0x000000000000a298       0x3c ../Lib/RAM_DEMO/Library.a(wnpu_config.o)
                0x000000000000a298                wnpu_set_npu_colck_gate
 .text.write_sigmoid_tab
                0x000000000000a2d4       0x60 ../Lib/RAM_DEMO/Library.a(wnpu_config.o)
                0x000000000000a2d4                write_sigmoid_tab
 .text.write_tanh_tab
                0x000000000000a334       0x60 ../Lib/RAM_DEMO/Library.a(wnpu_config.o)
                0x000000000000a334                write_tanh_tab
 .text.wnpu_write_round_config
                0x000000000000a394      0x130 ../Lib/RAM_DEMO/Library.a(wnpu_config.o)
                0x000000000000a394                wnpu_write_round_config
 .text.wnpu_read_round_config
                0x000000000000a4c4      0x130 ../Lib/RAM_DEMO/Library.a(wnpu_config.o)
                0x000000000000a4c4                wnpu_read_round_config
 .text.wnpu_write_system_config
                0x000000000000a5f4      0x178 ../Lib/RAM_DEMO/Library.a(wnpu_config.o)
                0x000000000000a5f4                wnpu_write_system_config
 .text.wnpu_back_system_config
                0x000000000000a76c      0x50c ../Lib/RAM_DEMO/Library.a(wnpu_config.o)
                0x000000000000a76c                wnpu_back_system_config
 .text.wnpu_chip_test
                0x000000000000ac78       0x88 ../Lib/RAM_DEMO/Library.a(wnpu_config.o)
                0x000000000000ac78                wnpu_chip_test
 .text.wnpu_clear_sram
                0x000000000000ad00       0x54 ../Lib/RAM_DEMO/Library.a(wnpu_config.o)
                0x000000000000ad00                wnpu_clear_sram
 .text.wnpu_write_sram
                0x000000000000ad54      0x3e0 ../Lib/RAM_DEMO/Library.a(wnpu_config.o)
                0x000000000000ad54                wnpu_write_sram
 .text.wnpu_read_sram
                0x000000000000b134      0x3e0 ../Lib/RAM_DEMO/Library.a(wnpu_config.o)
                0x000000000000b134                wnpu_read_sram
 .text.wnpu_set_round_addr
                0x000000000000b514       0x10 ../Lib/RAM_DEMO/Library.a(wnpu_config.o)
                0x000000000000b514                wnpu_set_round_addr
 .text.wnpu_start_infer
                0x000000000000b524       0x30 ../Lib/RAM_DEMO/Library.a(wnpu_config.o)
                0x000000000000b524                wnpu_start_infer
 .text.wnpu_get_status
                0x000000000000b554       0x28 ../Lib/RAM_DEMO/Library.a(wnpu_config.o)
                0x000000000000b554                wnpu_get_status
 .text.wnpu_wait_pause
                0x000000000000b57c       0x2c ../Lib/RAM_DEMO/Library.a(wnpu_config.o)
                0x000000000000b57c                wnpu_wait_pause
 .text.wnpu_infer_continue
                0x000000000000b5a8       0x10 ../Lib/RAM_DEMO/Library.a(wnpu_config.o)
                0x000000000000b5a8                wnpu_infer_continue
 .text.wnpu_get_infer_result
                0x000000000000b5b8        0x4 ../Lib/RAM_DEMO/Library.a(wnpu_config.o)
                0x000000000000b5b8                wnpu_get_infer_result
 .text.wnpu_enable_fifo_mode
                0x000000000000b5bc       0x20 ../Lib/RAM_DEMO/Library.a(wnpu_config.o)
                0x000000000000b5bc                wnpu_enable_fifo_mode
 .text.wnpu_dma_ctrl_cnn
                0x000000000000b5dc       0x2c ../Lib/RAM_DEMO/Library.a(wnpu_config.o)
                0x000000000000b5dc                wnpu_dma_ctrl_cnn
 .text.wnpu_dma_ctrl_go
                0x000000000000b608       0x14 ../Lib/RAM_DEMO/Library.a(wnpu_config.o)
                0x000000000000b608                wnpu_dma_ctrl_go
 .text.wnpu_dma_ctrl_wait
                0x000000000000b61c       0x2c ../Lib/RAM_DEMO/Library.a(wnpu_config.o)
                0x000000000000b61c                wnpu_dma_ctrl_wait
 .text.wnpu_set_dma_enable
                0x000000000000b648        0xc ../Lib/RAM_DEMO/Library.a(wnpu_config.o)
                0x000000000000b648                wnpu_set_dma_enable
 .text.wnpu_data_npu2soc
                0x000000000000b654      0x158 ../Lib/RAM_DEMO/Library.a(wnpu_config.o)
                0x000000000000b654                wnpu_data_npu2soc
 .text.wnpu_data_soc2npu
                0x000000000000b7ac      0x150 ../Lib/RAM_DEMO/Library.a(wnpu_config.o)
                0x000000000000b7ac                wnpu_data_soc2npu
 .text.NPU_IRQHandler
                0x000000000000b8fc       0x14 ../Lib/RAM_DEMO/Library.a(wnpu_config.o)
                0x000000000000b8fc                NPU_IRQHandler
 .text.wnpu_irq_init
                0x000000000000b910       0xc4 ../Lib/RAM_DEMO/Library.a(wnpu_config.o)
                0x000000000000b910                wnpu_irq_init
 .text.wnpu_wfi_prepare
                0x000000000000b9d4       0x54 ../Lib/RAM_DEMO/Library.a(wnpu_config.o)
                0x000000000000b9d4                wnpu_wfi_prepare
 .text.wnpu_wfi_wait
                0x000000000000ba28        0xc ../Lib/RAM_DEMO/Library.a(wnpu_config.o)
                0x000000000000ba28                wnpu_wfi_wait
 .text.wnpu_wfi_cleanup
                0x000000000000ba34       0x1c ../Lib/RAM_DEMO/Library.a(wnpu_config.o)
                0x000000000000ba34                wnpu_wfi_cleanup
 .text.sum_diff_data
                0x000000000000ba50      0x328 ../Lib/RAM_DEMO/Library.a(wnpu_diff.o)
 .text.scale_fit
                0x000000000000bd78      0x344 ../Lib/RAM_DEMO/Library.a(wnpu_diff.o)
 .text.infer_and_get_sum_static.constprop.0
                0x000000000000c0bc      0x490 ../Lib/RAM_DEMO/Library.a(wnpu_diff.o)
 .text.wnpu_not_compensate_init
                0x000000000000c54c      0x21c ../Lib/RAM_DEMO/Library.a(wnpu_diff.o)
                0x000000000000c54c                wnpu_not_compensate_init
 .text.wnpu_compensate_init
                0x000000000000c768      0x730 ../Lib/RAM_DEMO/Library.a(wnpu_diff.o)
                0x000000000000c768                wnpu_compensate_init
 .text.wnpu_compensate_init2
                0x000000000000ce98      0x2f8 ../Lib/RAM_DEMO/Library.a(wnpu_diff.o)
                0x000000000000ce98                wnpu_compensate_init2
 .text._refresh_diff
                0x000000000000d190       0x74 ../Lib/RAM_DEMO/Library.a(wnpu_diff.o)
                0x000000000000d190                _refresh_diff
 .text.wnpu_compensate_cycles
                0x000000000000d204      0x6fc ../Lib/RAM_DEMO/Library.a(wnpu_diff.o)
                0x000000000000d204                wnpu_compensate_cycles
 .text.wnpu_tab_update_data.part.0
                0x000000000000d900      0x740 ../Lib/RAM_DEMO/Library.a(wnpu_out_scaling.o)
 .text.wnpu_tab_init
                0x000000000000e040       0x10 ../Lib/RAM_DEMO/Library.a(wnpu_out_scaling.o)
                0x000000000000e040                wnpu_tab_init
 .text.wnpu_tab_write_data
                0x000000000000e050       0x64 ../Lib/RAM_DEMO/Library.a(wnpu_out_scaling.o)
                0x000000000000e050                wnpu_tab_write_data
 .text.__RV_KADD8
                0x000000000000e0b4        0x8 ../Lib/RAM_DEMO/Library.a(witin_npu_custom_event.o)
 .text.__RV_RADD8
                0x000000000000e0bc        0x8 ../Lib/RAM_DEMO/Library.a(witin_npu_custom_event.o)
 .text.__RV_UKADD8
                0x000000000000e0c4        0x8 ../Lib/RAM_DEMO/Library.a(witin_npu_custom_event.o)
 .text.__RV_URADD8
                0x000000000000e0cc        0x8 ../Lib/RAM_DEMO/Library.a(witin_npu_custom_event.o)
 .text.do_concat_event.part.0
                0x000000000000e0d4      0x280 ../Lib/RAM_DEMO/Library.a(witin_npu_custom_event.o)
 .text.error_while
                0x000000000000e354       0xb4 ../Lib/RAM_DEMO/Library.a(witin_npu_custom_event.o)
                0x000000000000e354                error_while
 .text.do_pn_cnn
                0x000000000000e408      0x3dc ../Lib/RAM_DEMO/Library.a(witin_npu_custom_event.o)
                0x000000000000e408                do_pn_cnn
 .text.do_actEvent
                0x000000000000e7e4      0x570 ../Lib/RAM_DEMO/Library.a(witin_npu_custom_event.o)
                0x000000000000e7e4                do_actEvent
 .text.do_customNormalization
                0x000000000000ed54     0x12d4 ../Lib/RAM_DEMO/Library.a(witin_npu_custom_event.o)
                0x000000000000ed54                do_customNormalization
 .text.do_groupNorm
                0x0000000000010028     0x1224 ../Lib/RAM_DEMO/Library.a(witin_npu_custom_event.o)
                0x0000000000010028                do_groupNorm
 .text.do_customPooling
                0x000000000001124c      0xbec ../Lib/RAM_DEMO/Library.a(witin_npu_custom_event.o)
                0x000000000001124c                do_customPooling
 .text.witin_add_fixvalue_shift_i8in_i8out
                0x0000000000011e38      0xd3c ../Lib/RAM_DEMO/Library.a(witin_npu_custom_event.o)
                0x0000000000011e38                witin_add_fixvalue_shift_i8in_i8out
 .text.witin_add_fixvalue_shift_u8in_u8out
                0x0000000000012b74      0x734 ../Lib/RAM_DEMO/Library.a(witin_npu_custom_event.o)
                0x0000000000012b74                witin_add_fixvalue_shift_u8in_u8out
 .text.witin_add_shift_i8in_i8out
                0x00000000000132a8      0x998 ../Lib/RAM_DEMO/Library.a(witin_npu_custom_event.o)
                0x00000000000132a8                witin_add_shift_i8in_i8out
 .text.witin_add_shift_u8in_u8out
                0x0000000000013c40      0x918 ../Lib/RAM_DEMO/Library.a(witin_npu_custom_event.o)
                0x0000000000013c40                witin_add_shift_u8in_u8out
 .text.do_customOptLogic
                0x0000000000014558     0x1a8c ../Lib/RAM_DEMO/Library.a(witin_npu_custom_event.o)
                0x0000000000014558                do_customOptLogic
 .text.do_customCopy
                0x0000000000015fe4       0xe0 ../Lib/RAM_DEMO/Library.a(witin_npu_custom_event.o)
                0x0000000000015fe4                do_customCopy
 .text.doCustomEvent
                0x00000000000160c4       0xac ../Lib/RAM_DEMO/Library.a(witin_npu_custom_event.o)
                0x00000000000160c4                doCustomEvent
 .text.get_json_len
                0x0000000000016170       0x2c ../Lib/RAM_DEMO/Library.a(bin_loader.o)
                0x0000000000016170                get_json_len
 .text.get_raw_len
                0x000000000001619c       0x2c ../Lib/RAM_DEMO/Library.a(bin_loader.o)
                0x000000000001619c                get_raw_len
 .text.remove_offset_to_model
                0x00000000000161c8      0x1b8 ../Lib/RAM_DEMO/Library.a(bin_loader.o)
                0x00000000000161c8                remove_offset_to_model
 .text.parse_string
                0x0000000000016380      0x214 ../Lib/RAM_DEMO/Library.a(cJSON.o)
 .text.get_object_item.constprop.0
                0x0000000000016594       0xa8 ../Lib/RAM_DEMO/Library.a(cJSON.o)
 .text.cJSON_GetStringValue
                0x000000000001663c       0x20 ../Lib/RAM_DEMO/Library.a(cJSON.o)
                0x000000000001663c                cJSON_GetStringValue
 .text.cJSON_GetNumberValue
                0x000000000001665c       0x2c ../Lib/RAM_DEMO/Library.a(cJSON.o)
                0x000000000001665c                cJSON_GetNumberValue
 .text.cJSON_InitHooks
                0x0000000000016688       0xac ../Lib/RAM_DEMO/Library.a(cJSON.o)
                0x0000000000016688                cJSON_InitHooks
 .text.cJSON_Delete
                0x0000000000016734       0xa8 ../Lib/RAM_DEMO/Library.a(cJSON.o)
                0x0000000000016734                cJSON_Delete
 .text.parse_value
                0x00000000000167dc     0x12e0 ../Lib/RAM_DEMO/Library.a(cJSON.o)
 .text.cJSON_ParseWithLength
                0x0000000000017abc      0x2e4 ../Lib/RAM_DEMO/Library.a(cJSON.o)
                0x0000000000017abc                cJSON_ParseWithLength
 .text.cJSON_GetArraySize
                0x0000000000017da0       0x88 ../Lib/RAM_DEMO/Library.a(cJSON.o)
                0x0000000000017da0                cJSON_GetArraySize
 .text.cJSON_GetArrayItem
                0x0000000000017e28      0x104 ../Lib/RAM_DEMO/Library.a(cJSON.o)
                0x0000000000017e28                cJSON_GetArrayItem
 .text.cJSON_GetObjectItem
                0x0000000000017f2c        0x4 ../Lib/RAM_DEMO/Library.a(cJSON.o)
                0x0000000000017f2c                cJSON_GetObjectItem
 .text.cJSON_HasObjectItem
                0x0000000000017f30       0x1c ../Lib/RAM_DEMO/Library.a(cJSON.o)
                0x0000000000017f30                cJSON_HasObjectItem
 .text.cJSON_IsArray
                0x0000000000017f4c       0x1c ../Lib/RAM_DEMO/Library.a(cJSON.o)
                0x0000000000017f4c                cJSON_IsArray
 .text.cJSON_malloc
                0x0000000000017f68        0xc ../Lib/RAM_DEMO/Library.a(cJSON.o)
                0x0000000000017f68                cJSON_malloc
 .text.cJSON_free
                0x0000000000017f74        0xc ../Lib/RAM_DEMO/Library.a(cJSON.o)
                0x0000000000017f74                cJSON_free
 .text.__witin_json_buffer_free
                0x0000000000017f80      0x124 ../Lib/RAM_DEMO/Library.a(net_parse.o)
                0x0000000000017f80                __witin_json_buffer_free
 .text.__witin_dma_buffer_free
                0x00000000000180a4      0x124 ../Lib/RAM_DEMO/Library.a(net_parse.o)
                0x00000000000180a4                __witin_dma_buffer_free
 .text.__witin_dma_buffer_malloc
                0x00000000000181c8      0x134 ../Lib/RAM_DEMO/Library.a(net_parse.o)
                0x00000000000181c8                __witin_dma_buffer_malloc
 .text.add_pause_to_round_config
                0x00000000000182fc       0xb0 ../Lib/RAM_DEMO/Library.a(net_parse.o)
                0x00000000000182fc                add_pause_to_round_config
 .text.get_strValue_in_json
                0x00000000000183ac      0x1b0 ../Lib/RAM_DEMO/Library.a(net_parse.o)
                0x00000000000183ac                get_strValue_in_json
 .text.__witin_malloc_desc
                0x000000000001855c      0x130 ../Lib/RAM_DEMO/Library.a(net_parse.o)
                0x000000000001855c                __witin_malloc_desc
 .text.__witin_json_buffer_malloc
                0x000000000001868c      0x174 ../Lib/RAM_DEMO/Library.a(net_parse.o)
                0x000000000001868c                __witin_json_buffer_malloc
 .text.parse_net_dataIO
                0x0000000000018800      0x210 ../Lib/RAM_DEMO/Library.a(net_parse.o)
                0x0000000000018800                parse_net_dataIO
 .text.parse_diff_info
                0x0000000000018a10      0x1c8 ../Lib/RAM_DEMO/Library.a(net_parse.o)
                0x0000000000018a10                parse_diff_info
 .text.parse_sparse_info
                0x0000000000018bd8      0x200 ../Lib/RAM_DEMO/Library.a(net_parse.o)
                0x0000000000018bd8                parse_sparse_info
 .text.parse_system_event
                0x0000000000018dd8       0xc0 ../Lib/RAM_DEMO/Library.a(net_parse.o)
                0x0000000000018dd8                parse_system_event
 .text.parse_event
                0x0000000000018e98      0x2d0 ../Lib/RAM_DEMO/Library.a(net_parse.o)
                0x0000000000018e98                parse_event
 .text.parse_OptPN_event
                0x0000000000019168      0x104 ../Lib/RAM_DEMO/Library.a(net_parse.o)
                0x0000000000019168                parse_OptPN_event
 .text.parse_OptClean_event
                0x000000000001926c       0xec ../Lib/RAM_DEMO/Library.a(net_parse.o)
                0x000000000001926c                parse_OptClean_event
 .text.parse_OptCopy_event
                0x0000000000019358      0x114 ../Lib/RAM_DEMO/Library.a(net_parse.o)
                0x0000000000019358                parse_OptCopy_event
 .text.parse_OptLogic_event
                0x000000000001946c      0x288 ../Lib/RAM_DEMO/Library.a(net_parse.o)
                0x000000000001946c                parse_OptLogic_event
 .text.parse_activate_event
                0x00000000000196f4      0x11c ../Lib/RAM_DEMO/Library.a(net_parse.o)
                0x00000000000196f4                parse_activate_event
 .text.parse_pooling_event
                0x0000000000019810      0x10c ../Lib/RAM_DEMO/Library.a(net_parse.o)
                0x0000000000019810                parse_pooling_event
 .text.parse_softmax_event
                0x000000000001991c      0x234 ../Lib/RAM_DEMO/Library.a(net_parse.o)
                0x000000000001991c                parse_softmax_event
 .text.parse_sumnorm_event
                0x0000000000019b50      0x234 ../Lib/RAM_DEMO/Library.a(net_parse.o)
                0x0000000000019b50                parse_sumnorm_event
 .text.parse_groupnorm_event
                0x0000000000019d84      0x368 ../Lib/RAM_DEMO/Library.a(net_parse.o)
                0x0000000000019d84                parse_groupnorm_event
 .text.parse_init_event
                0x000000000001a0ec       0xd4 ../Lib/RAM_DEMO/Library.a(net_parse.o)
                0x000000000001a0ec                parse_init_event
 .text.parse_flow_array
                0x000000000001a1c0      0x344 ../Lib/RAM_DEMO/Library.a(net_parse.o)
                0x000000000001a1c0                parse_flow_array
 .text.gen_diff_config
                0x000000000001a504      0x6a0 ../Lib/RAM_DEMO/Library.a(net_parse.o)
                0x000000000001a504                gen_diff_config
 .text.parse_concat_event
                0x000000000001aba4      0x6a4 ../Lib/RAM_DEMO/Library.a(net_parse.o)
                0x000000000001aba4                parse_concat_event
 .text.parse_net_object
                0x000000000001b248      0x3bc ../Lib/RAM_DEMO/Library.a(net_parse.o)
                0x000000000001b248                parse_net_object
 .text.witin_gen_model
                0x000000000001b604      0x404 ../Lib/RAM_DEMO/Library.a(net_parse.o)
                0x000000000001b604                witin_gen_model
 .text.witin_parse_init
                0x000000000001ba08       0x60 ../Lib/RAM_DEMO/Library.a(net_parse.o)
                0x000000000001ba08                witin_parse_init
 .text.witin_get_netObj
                0x000000000001ba68       0x18 ../Lib/RAM_DEMO/Library.a(net_parse.o)
                0x000000000001ba68                witin_get_netObj
 .text.witin_get_flowObj
                0x000000000001ba80       0x14 ../Lib/RAM_DEMO/Library.a(net_parse.o)
                0x000000000001ba80                witin_get_flowObj
 .text.witin_get_eventObj
                0x000000000001ba94       0x18 ../Lib/RAM_DEMO/Library.a(net_parse.o)
                0x000000000001ba94                witin_get_eventObj
 .text.witin_get_diffInfoObj
                0x000000000001baac       0x14 ../Lib/RAM_DEMO/Library.a(net_parse.o)
                0x000000000001baac                witin_get_diffInfoObj
 .text.witin_search_diffInfoObj_from_round
                0x000000000001bac0      0x154 ../Lib/RAM_DEMO/Library.a(net_parse.o)
                0x000000000001bac0                witin_search_diffInfoObj_from_round
 .text.witin_get_inputObj
                0x000000000001bc14       0x18 ../Lib/RAM_DEMO/Library.a(net_parse.o)
                0x000000000001bc14                witin_get_inputObj
 .text.witin_get_outputObj
                0x000000000001bc2c       0x18 ../Lib/RAM_DEMO/Library.a(net_parse.o)
                0x000000000001bc2c                witin_get_outputObj
 .text.witin_get_concat_input
                0x000000000001bc44       0x18 ../Lib/RAM_DEMO/Library.a(net_parse.o)
                0x000000000001bc44                witin_get_concat_input
 .text.b64_decode
                0x000000000001bc5c      0x358 ../Lib/RAM_DEMO/Library.a(base64.o)
                0x000000000001bc5c                b64_decode
 .text.__subdf3
                0x000000000001bfb4        0xa C:/Program Files/SEGGER/SEGGER Embedded Studio for RISC-V 5.66/lib/libm_rv32imafc_f.a(libm_asm.o)
                0x000000000001bfb4                __subdf3
 .text.__adddf3
                0x000000000001bfbe      0x2f4 C:/Program Files/SEGGER/SEGGER Embedded Studio for RISC-V 5.66/lib/libm_rv32imafc_f.a(libm_asm.o)
                0x000000000001bfbe                __adddf3
 .text.__muldf3
                0x000000000001c2b2      0x11e C:/Program Files/SEGGER/SEGGER Embedded Studio for RISC-V 5.66/lib/libm_rv32imafc_f.a(libm_asm.o)
                0x000000000001c2b2                __muldf3
 .text.__divdf3
                0x000000000001c3d0      0x2ac C:/Program Files/SEGGER/SEGGER Embedded Studio for RISC-V 5.66/lib/libm_rv32imafc_f.a(libm_asm.o)
                0x000000000001c3d0                __divdf3
 .text.__ltdf2  0x000000000001c67c       0x46 C:/Program Files/SEGGER/SEGGER Embedded Studio for RISC-V 5.66/lib/libm_rv32imafc_f.a(libm_asm.o)
                0x000000000001c67c                __ltdf2
 .text.__ledf2  0x000000000001c6c2       0x46 C:/Program Files/SEGGER/SEGGER Embedded Studio for RISC-V 5.66/lib/libm_rv32imafc_f.a(libm_asm.o)
                0x000000000001c6c2                __ledf2
 .text.__gtdf2  0x000000000001c708       0x46 C:/Program Files/SEGGER/SEGGER Embedded Studio for RISC-V 5.66/lib/libm_rv32imafc_f.a(libm_asm.o)
                0x000000000001c708                __gtdf2
 .text.__gedf2  0x000000000001c74e       0x46 C:/Program Files/SEGGER/SEGGER Embedded Studio for RISC-V 5.66/lib/libm_rv32imafc_f.a(libm_asm.o)
                0x000000000001c74e                __gedf2
 .text.__eqdf2  0x000000000001c794       0x34 C:/Program Files/SEGGER/SEGGER Embedded Studio for RISC-V 5.66/lib/libm_rv32imafc_f.a(libm_asm.o)
                0x000000000001c794                __nedf2
                0x000000000001c794                __eqdf2
 .text.__fixdfsi
                0x000000000001c7c8       0x52 C:/Program Files/SEGGER/SEGGER Embedded Studio for RISC-V 5.66/lib/libm_rv32imafc_f.a(libm_asm.o)
                0x000000000001c7c8                __fixdfsi
 .text.__fixunsdfsi
                0x000000000001c81a       0x36 C:/Program Files/SEGGER/SEGGER Embedded Studio for RISC-V 5.66/lib/libm_rv32imafc_f.a(libm_asm.o)
                0x000000000001c81a                __fixunsdfsi
 .text.__floatsidf
                0x000000000001c850       0x58 C:/Program Files/SEGGER/SEGGER Embedded Studio for RISC-V 5.66/lib/libm_rv32imafc_f.a(libm_asm.o)
                0x000000000001c850                __floatsidf
 .text.__floatundidf
                0x000000000001c8a8       0xd2 C:/Program Files/SEGGER/SEGGER Embedded Studio for RISC-V 5.66/lib/libm_rv32imafc_f.a(libm_asm.o)
                0x000000000001c8a8                __floatundidf
 .text.__extendsfdf2
                0x000000000001c97a       0x44 C:/Program Files/SEGGER/SEGGER Embedded Studio for RISC-V 5.66/lib/libm_rv32imafc_f.a(libm_asm.o)
                0x000000000001c97a                __extendsfdf2
 .text.__truncdfsf2
                0x000000000001c9be       0x92 C:/Program Files/SEGGER/SEGGER Embedded Studio for RISC-V 5.66/lib/libm_rv32imafc_f.a(libm_asm.o)
                0x000000000001c9be                __truncdfsf2
 .text.__float32_isfinite
                0x000000000001ca50       0x10 C:/Program Files/SEGGER/SEGGER Embedded Studio for RISC-V 5.66/lib/libm_rv32imafc_f.a(libm_asm.o)
                0x000000000001ca50                __float32_isfinite
 .text.__float64_isfinite
                0x000000000001ca60        0xc C:/Program Files/SEGGER/SEGGER Embedded Studio for RISC-V 5.66/lib/libm_rv32imafc_f.a(libm_asm.o)
                0x000000000001ca60                __float64_isfinite
 .text.__float32_isinf
                0x000000000001ca6c       0x12 C:/Program Files/SEGGER/SEGGER Embedded Studio for RISC-V 5.66/lib/libm_rv32imafc_f.a(libm_asm.o)
                0x000000000001ca6c                __float32_isinf
 .text.__float64_isinf
                0x000000000001ca7e       0x14 C:/Program Files/SEGGER/SEGGER Embedded Studio for RISC-V 5.66/lib/libm_rv32imafc_f.a(libm_asm.o)
                0x000000000001ca7e                __float64_isinf
 .text.__float32_isnan
                0x000000000001ca92       0x10 C:/Program Files/SEGGER/SEGGER Embedded Studio for RISC-V 5.66/lib/libm_rv32imafc_f.a(libm_asm.o)
                0x000000000001ca92                __float32_isnan
 .text.__float64_isnan
                0x000000000001caa2       0x12 C:/Program Files/SEGGER/SEGGER Embedded Studio for RISC-V 5.66/lib/libm_rv32imafc_f.a(libm_asm.o)
                0x000000000001caa2                __float64_isnan
 .text.__float32_signbit
                0x000000000001cab4        0x8 C:/Program Files/SEGGER/SEGGER Embedded Studio for RISC-V 5.66/lib/libm_rv32imafc_f.a(libm_asm.o)
                0x000000000001cab4                __float32_signbit
 .text.libc.frexp
                0x000000000001cabc       0x60 C:/Program Files/SEGGER/SEGGER Embedded Studio for RISC-V 5.66/lib/libm_rv32imafc_f.a(libm2.o)
                0x000000000001cabc                frexpl(long double, int*)
                0x000000000001cabc                frexpl
                0x000000000001cabc                frexp
                0x000000000001cabc                frexp(double, int*)
 .text.libc.ldexp
                0x000000000001cb1c       0x8e C:/Program Files/SEGGER/SEGGER Embedded Studio for RISC-V 5.66/lib/libm_rv32imafc_f.a(libm2.o)
                0x000000000001cb1c                ldexpl(long double, int)
                0x000000000001cb1c                ldexp
                0x000000000001cb1c                ldexpl
                0x000000000001cb1c                ldexp(double, int)
 .text.libc.exp
                0x000000000001cbaa      0x208 C:/Program Files/SEGGER/SEGGER Embedded Studio for RISC-V 5.66/lib/libm_rv32imafc_f.a(libm2.o)
                0x000000000001cbaa                expl(long double)
                0x000000000001cbaa                exp
                0x000000000001cbaa                expl
                0x000000000001cbaa                exp(double)
 .text.libc.log
                0x000000000001cdb2      0x230 C:/Program Files/SEGGER/SEGGER Embedded Studio for RISC-V 5.66/lib/libm_rv32imafc_f.a(libm2.o)
                0x000000000001cdb2                log(double)
                0x000000000001cdb2                logl
                0x000000000001cdb2                logl(long double)
                0x000000000001cdb2                log
 .text.libc.modff
                0x000000000001cfe2       0x56 C:/Program Files/SEGGER/SEGGER Embedded Studio for RISC-V 5.66/lib/libm_rv32imafc_f.a(libm2.o)
                0x000000000001cfe2                modf(float, float*)
                0x000000000001cfe2                modff
 .text.libc.pow
                0x000000000001d038      0x152 C:/Program Files/SEGGER/SEGGER Embedded Studio for RISC-V 5.66/lib/libm_rv32imafc_f.a(libm2.o)
                0x000000000001d038                pow
                0x000000000001d038                powl(long double, long double)
                0x000000000001d038                powl
                0x000000000001d038                pow(double, double)
 .text.libc.exp2
                0x000000000001d18a       0x14 C:/Program Files/SEGGER/SEGGER Embedded Studio for RISC-V 5.66/lib/libm_rv32imafc_f.a(libm2.o)
                0x000000000001d18a                exp2
                0x000000000001d18a                exp2(double)
 .text.libc.sqrt
                0x000000000001d19e      0x11e C:/Program Files/SEGGER/SEGGER Embedded Studio for RISC-V 5.66/lib/libm_rv32imafc_f.a(libm2.o)
                0x000000000001d19e                sqrtl
                0x000000000001d19e                sqrtl(long double)
                0x000000000001d19e                sqrt(double)
                0x000000000001d19e                sqrt
 .text.libc.floorf
                0x000000000001d2bc       0x7e C:/Program Files/SEGGER/SEGGER Embedded Studio for RISC-V 5.66/lib/libm_rv32imafc_f.a(libm2.o)
                0x000000000001d2bc                floorf
                0x000000000001d2bc                floor(float)
 .text.libc.fmodf
                0x000000000001d33a       0xe0 C:/Program Files/SEGGER/SEGGER Embedded Studio for RISC-V 5.66/lib/libm_rv32imafc_f.a(libm2.o)
                0x000000000001d33a                fmod(float, float)
                0x000000000001d33a                fmodf
 .text.libc.ldexpf
                0x000000000001d41a       0x6a C:/Program Files/SEGGER/SEGGER Embedded Studio for RISC-V 5.66/lib/libm_rv32imafc_f.a(libm2.o)
                0x000000000001d41a                ldexp(float, int)
                0x000000000001d41a                ldexpf
 .text.libc.expf
                0x000000000001d484      0x132 C:/Program Files/SEGGER/SEGGER Embedded Studio for RISC-V 5.66/lib/libm_rv32imafc_f.a(libm2.o)
                0x000000000001d484                expf
                0x000000000001d484                exp(float)
 .text.libc.frexpf
                0x000000000001d5b6       0x3e C:/Program Files/SEGGER/SEGGER Embedded Studio for RISC-V 5.66/lib/libm_rv32imafc_f.a(libm2.o)
                0x000000000001d5b6                frexpf
                0x000000000001d5b6                frexp(float, int*)
 .text.libc.logf
                0x000000000001d5f4       0xfe C:/Program Files/SEGGER/SEGGER Embedded Studio for RISC-V 5.66/lib/libm_rv32imafc_f.a(libm2.o)
                0x000000000001d5f4                log(float)
                0x000000000001d5f4                logf
 .text.libc.sqrtf
                0x000000000001d6f2       0xb4 C:/Program Files/SEGGER/SEGGER Embedded Studio for RISC-V 5.66/lib/libm_rv32imafc_f.a(libm2.o)
                0x000000000001d6f2                sqrt(float)
                0x000000000001d6f2                sqrtf
 .text.libc.log2f
                0x000000000001d7a6       0x1a C:/Program Files/SEGGER/SEGGER Embedded Studio for RISC-V 5.66/lib/libm_rv32imafc_f.a(fdlibm.o)
                0x000000000001d7a6                log2f
                0x000000000001d7a6                log2(float)
 .text.libc.__udivdi3
                0x000000000001d7c0       0xe4 C:/Program Files/SEGGER/SEGGER Embedded Studio for RISC-V 5.66/lib/libc_rv32imafc_f.a(libc.o)
                0x000000000001d7c0                __udivdi3
 .text.libc.__heap_lock
                0x000000000001d8a4        0x2 C:/Program Files/SEGGER/SEGGER Embedded Studio for RISC-V 5.66/lib/libc_rv32imafc_f.a(libc.o)
                0x000000000001d8a4                __heap_lock
 .text.libc.__heap_unlock
                0x000000000001d8a6        0x2 C:/Program Files/SEGGER/SEGGER Embedded Studio for RISC-V 5.66/lib/libc_rv32imafc_f.a(libc.o)
                0x000000000001d8a6                __heap_unlock
 .text.libc.__printf_lock
                0x000000000001d8a8        0x2 C:/Program Files/SEGGER/SEGGER Embedded Studio for RISC-V 5.66/lib/libc_rv32imafc_f.a(libc.o)
                0x000000000001d8a8                __printf_lock
 .text.libc.__printf_unlock
                0x000000000001d8aa        0x2 C:/Program Files/SEGGER/SEGGER Embedded Studio for RISC-V 5.66/lib/libc_rv32imafc_f.a(libc.o)
                0x000000000001d8aa                __printf_unlock
 .text.libc.__RAL_ascii_isctype
                0x000000000001d8ac       0x2c C:/Program Files/SEGGER/SEGGER Embedded Studio for RISC-V 5.66/lib/libc_rv32imafc_f.a(libc2.o)
 .text.libc.__RAL_ascii_toupper
                0x000000000001d8d8        0xe C:/Program Files/SEGGER/SEGGER Embedded Studio for RISC-V 5.66/lib/libc_rv32imafc_f.a(libc2.o)
 .text.libc.__RAL_ascii_tolower
                0x000000000001d8e6       0x10 C:/Program Files/SEGGER/SEGGER Embedded Studio for RISC-V 5.66/lib/libc_rv32imafc_f.a(libc2.o)
 .text.libc.__RAL_ascii_wctomb
                0x000000000001d8f6       0x14 C:/Program Files/SEGGER/SEGGER Embedded Studio for RISC-V 5.66/lib/libc_rv32imafc_f.a(libc2.o)
                0x000000000001d8f6                __RAL_ascii_wctomb
 .text.libc.__RAL_ascii_mbtowc
                0x000000000001d90a       0x28 C:/Program Files/SEGGER/SEGGER Embedded Studio for RISC-V 5.66/lib/libc_rv32imafc_f.a(libc2.o)
                0x000000000001d90a                __RAL_ascii_mbtowc
 .text.libc.__RAL_ascii_towupper
                0x000000000001d932        0xe C:/Program Files/SEGGER/SEGGER Embedded Studio for RISC-V 5.66/lib/libc_rv32imafc_f.a(libc2.o)
 .text.libc.__RAL_ascii_towlower
                0x000000000001d940       0x10 C:/Program Files/SEGGER/SEGGER Embedded Studio for RISC-V 5.66/lib/libc_rv32imafc_f.a(libc2.o)
 .text.libc.__RAL_ascii_iswctype
                0x000000000001d950       0x2c C:/Program Files/SEGGER/SEGGER Embedded Studio for RISC-V 5.66/lib/libc_rv32imafc_f.a(libc2.o)
 .text.libc.__RAL_pow10f
                0x000000000001d97c       0x48 C:/Program Files/SEGGER/SEGGER Embedded Studio for RISC-V 5.66/lib/libc_rv32imafc_f.a(libc2.o)
                0x000000000001d97c                __RAL_pow10f
 .text.libc.__putc
                0x000000000001d9c4       0x5a C:/Program Files/SEGGER/SEGGER Embedded Studio for RISC-V 5.66/lib/libc_rv32imafc_f.a(libc2.o)
                0x000000000001d9c4                __putc
 .text.libc.__RAL_print_padding
                0x000000000001da1e       0x74 C:/Program Files/SEGGER/SEGGER Embedded Studio for RISC-V 5.66/lib/libc_rv32imafc_f.a(libc2.o)
                0x000000000001da1e                __RAL_print_padding
 .text.libc.__RAL_pre_padding
                0x000000000001da92       0x88 C:/Program Files/SEGGER/SEGGER Embedded Studio for RISC-V 5.66/lib/libc_rv32imafc_f.a(libc2.o)
                0x000000000001da92                __RAL_pre_padding
 .text.libc.abs
                0x000000000001db1a        0xa C:/Program Files/SEGGER/SEGGER Embedded Studio for RISC-V 5.66/lib/libc_rv32imafc_f.a(libc2.o)
                0x000000000001db1a                abs
 .text.libc.isdigit
                0x000000000001db24       0x10 C:/Program Files/SEGGER/SEGGER Embedded Studio for RISC-V 5.66/lib/libc_rv32imafc_f.a(libc2.o)
                0x000000000001db24                isdigit
 .text.libc.isspace
                0x000000000001db34       0x10 C:/Program Files/SEGGER/SEGGER Embedded Studio for RISC-V 5.66/lib/libc_rv32imafc_f.a(libc2.o)
                0x000000000001db34                isspace
 .text.libc.tolower
                0x000000000001db44        0xe C:/Program Files/SEGGER/SEGGER Embedded Studio for RISC-V 5.66/lib/libc_rv32imafc_f.a(libc2.o)
                0x000000000001db44                tolower
 .text.libc.__errno
                0x000000000001db52        0x6 C:/Program Files/SEGGER/SEGGER Embedded Studio for RISC-V 5.66/lib/libc_rv32imafc_f.a(libc2.o)
                0x000000000001db52                __errno
 .text.libc.malloc
                0x000000000001db58       0x9c C:/Program Files/SEGGER/SEGGER Embedded Studio for RISC-V 5.66/lib/libc_rv32imafc_f.a(libc2.o)
                0x000000000001db58                malloc
 .text.libc.free
                0x000000000001dbf4       0xc0 C:/Program Files/SEGGER/SEGGER Embedded Studio for RISC-V 5.66/lib/libc_rv32imafc_f.a(libc2.o)
                0x000000000001dbf4                free
 .text.libc.memcpy
                0x000000000001dcb4       0xa6 C:/Program Files/SEGGER/SEGGER Embedded Studio for RISC-V 5.66/lib/libc_rv32imafc_f.a(libc2.o)
                0x000000000001dcb4                memcpy
 .text.libc.realloc
                0x000000000001dd5a       0x40 C:/Program Files/SEGGER/SEGGER Embedded Studio for RISC-V 5.66/lib/libc_rv32imafc_f.a(libc2.o)
                0x000000000001dd5a                realloc
 .text.libc.memmove
                0x000000000001dd9a       0x3a C:/Program Files/SEGGER/SEGGER Embedded Studio for RISC-V 5.66/lib/libc_rv32imafc_f.a(libc2.o)
                0x000000000001dd9a                memmove
 .text.libc.memset
                0x000000000001ddd4       0x96 C:/Program Files/SEGGER/SEGGER Embedded Studio for RISC-V 5.66/lib/libc_rv32imafc_f.a(libc2.o)
                0x000000000001ddd4                memset
 .text.libc.printf
                0x000000000001de6a       0x4a C:/Program Files/SEGGER/SEGGER Embedded Studio for RISC-V 5.66/lib/libc_rv32imafc_f.a(libc2.o)
                0x000000000001de6a                printf
 .text.libc.puts
                0x000000000001deb4       0x3c C:/Program Files/SEGGER/SEGGER Embedded Studio for RISC-V 5.66/lib/libc_rv32imafc_f.a(libc2.o)
                0x000000000001deb4                puts
 .text.libc.strlen
                0x000000000001def0       0x6a C:/Program Files/SEGGER/SEGGER Embedded Studio for RISC-V 5.66/lib/libc_rv32imafc_f.a(libc2.o)
                0x000000000001def0                strlen
 .text.libc.strncmp
                0x000000000001df5a       0x3a C:/Program Files/SEGGER/SEGGER Embedded Studio for RISC-V 5.66/lib/libc_rv32imafc_f.a(libc2.o)
                0x000000000001df5a                strncmp
 .text.libc.strnlen
                0x000000000001df94       0x24 C:/Program Files/SEGGER/SEGGER Embedded Studio for RISC-V 5.66/lib/libc_rv32imafc_f.a(libc2.o)
                0x000000000001df94                strnlen
 .text.libc.strtod
                0x000000000001dfb8      0x23c C:/Program Files/SEGGER/SEGGER Embedded Studio for RISC-V 5.66/lib/libc_rv32imafc_f.a(libc2.o)
                0x000000000001dfb8                strtod
 .text.libc.vsprintf
                0x000000000001e1f4       0x1e C:/Program Files/SEGGER/SEGGER Embedded Studio for RISC-V 5.66/lib/libc_rv32imafc_f.a(libc2.o)
                0x000000000001e1f4                vsprintf
 .text.libc.strcmp
                0x000000000001e212       0x4c C:/Program Files/SEGGER/SEGGER Embedded Studio for RISC-V 5.66/lib/libc_rv32imafc_f.a(libc2_asm.o)
                0x000000000001e212                strcmp
 .text.libc.__vfprintf_short_float_long
                0x000000000001e25e      0xdc2 C:/Program Files/SEGGER/SEGGER Embedded Studio for RISC-V 5.66/lib/libc_rv32imafc_f.a(libvfprintf.o)
                0x000000000001e25e                __vfprintf_short_float_long
 .text.data_recover_1bit
                0x000000000001f020      0x112 ../../WitinProgramTool_WTM2101/LibNPU/LibNPU.a(npu_ops.o)
 .text.config_write_single.part.0
                0x000000000001f132       0x18 ../../WitinProgramTool_WTM2101/LibNPU/LibNPU.a(npu_ops.o)
 .text.config_write_single
                0x000000000001f14a       0x34 ../../WitinProgramTool_WTM2101/LibNPU/LibNPU.a(npu_ops.o)
 .text._1oo100  0x000000000001f17e       0xb0 ../../WitinProgramTool_WTM2101/LibNPU/LibNPU.a(npu_ops.o)
                0x000000000001f17e                _1oo100
 .text._1oo101  0x000000000001f22e       0xfc ../../WitinProgramTool_WTM2101/LibNPU/LibNPU.a(npu_ops.o)
                0x000000000001f22e                _1oo101
 .text.NPU_READ_TRIM
                0x000000000001f32a      0x270 ../../WitinProgramTool_WTM2101/LibNPU/LibNPU.a(npu_ops.o)
                0x000000000001f32a                NPU_READ_TRIM
 .text.TRIM_DVDD_1p1v
                0x000000000001f59a       0x56 ../../WitinProgramTool_WTM2101/LibNPU/LibNPU.a(npu_ops.o)
                0x000000000001f59a                TRIM_DVDD_1p1v
 .text.NPU_USE_TRIM
                0x000000000001f5f0      0x4ce ../../WitinProgramTool_WTM2101/LibNPU/LibNPU.a(npu_ops.o)
                0x000000000001f5f0                NPU_USE_TRIM
 .text._1oo106  0x000000000001fabe      0x11c ../../WitinProgramTool_WTM2101/LibNPU/LibNPU.a(npu_ops.o)
                0x000000000001fabe                _1oo106
 .text._1oo107  0x000000000001fbda       0xee ../../WitinProgramTool_WTM2101/LibNPU/LibNPU.a(npu_ops.o)
                0x000000000001fbda                _1oo107
 .text._1oo108  0x000000000001fcc8       0xda ../../WitinProgramTool_WTM2101/LibNPU/LibNPU.a(npu_ops.o)
                0x000000000001fcc8                _1oo108
 .text._1oo109  0x000000000001fda2      0x10c ../../WitinProgramTool_WTM2101/LibNPU/LibNPU.a(npu_ops.o)
                0x000000000001fda2                _1oo109
 .text._1oo1010
                0x000000000001feae       0xd4 ../../WitinProgramTool_WTM2101/LibNPU/LibNPU.a(npu_ops.o)
                0x000000000001feae                _1oo1010
 .text._1oo1011
                0x000000000001ff82       0xcc ../../WitinProgramTool_WTM2101/LibNPU/LibNPU.a(npu_ops.o)
                0x000000000001ff82                _1oo1011
 .text._1oo1012
                0x000000000002004e       0xc0 ../../WitinProgramTool_WTM2101/LibNPU/LibNPU.a(npu_ops.o)
                0x000000000002004e                _1oo1012
 .text._1oo1013
                0x000000000002010e       0xc6 ../../WitinProgramTool_WTM2101/LibNPU/LibNPU.a(npu_ops.o)
                0x000000000002010e                _1oo1013
 .text._1oo1014
                0x00000000000201d4       0xc0 ../../WitinProgramTool_WTM2101/LibNPU/LibNPU.a(npu_ops.o)
                0x00000000000201d4                _1oo1014
 .text._1oo1015
                0x0000000000020294       0xce ../../WitinProgramTool_WTM2101/LibNPU/LibNPU.a(npu_ops.o)
                0x0000000000020294                _1oo1015
 .text._1oo1016
                0x0000000000020362       0xbe ../../WitinProgramTool_WTM2101/LibNPU/LibNPU.a(npu_ops.o)
                0x0000000000020362                _1oo1016
 .text._1oo1017
                0x0000000000020420      0x1f6 ../../WitinProgramTool_WTM2101/LibNPU/LibNPU.a(npu_ops.o)
                0x0000000000020420                _1oo1017
 .text.NPU_INFER_CONFIG_6N_MHz
                0x0000000000020616      0x7bc ../../WitinProgramTool_WTM2101/LibNPU/LibNPU.a(npu_ops.o)
                0x0000000000020616                NPU_INFER_CONFIG_6N_MHz
 .text.pu_stage
                0x0000000000020dd2      0x1a2 ../../WitinProgramTool_WTM2101/LibNPU/LibNPU.a(npu_ops.o)
                0x0000000000020dd2                pu_stage
 .text.pd_stage
                0x0000000000020f74      0x10c ../../WitinProgramTool_WTM2101/LibNPU/LibNPU.a(npu_ops.o)
                0x0000000000020f74                pd_stage
 .text.wnpu_infer_init
                0x0000000000021080       0x34 ../../WitinProgramTool_WTM2101/LibNPU/LibNPU.a(npu_ops.o)
                0x0000000000021080                wnpu_infer_init
 .text._1oo1030
                0x00000000000210b4       0x46 ../../WitinProgramTool_WTM2101/LibNPU/LibNPU.a(npu_ops.o)
                0x00000000000210b4                _1oo1030
 .text._1oo1031
                0x00000000000210fa       0x48 ../../WitinProgramTool_WTM2101/LibNPU/LibNPU.a(npu_ops.o)
                0x00000000000210fa                _1oo1031
 .text._1oo1032
                0x0000000000021142       0x24 ../../WitinProgramTool_WTM2101/LibNPU/LibNPU.a(npu_ops.o)
                0x0000000000021142                _1oo1032
 .text.config_write
                0x0000000000021166       0xd0 ../../WitinProgramTool_WTM2101/LibNPU/LibNPU.a(libnpu.o)
                0x0000000000021166                config_write
 .text.wnpu_write_analog_config
                0x0000000000021236        0xe ../../WitinProgramTool_WTM2101/LibNPU/LibNPU.a(libnpu.o)
                0x0000000000021236                wnpu_write_analog_config
 .text.witin_npu_set_clk_div
                0x0000000000021244        0xc ../../WitinProgramTool_WTM2101/LibNPU/LibNPU.a(libnpu.o)
                0x0000000000021244                witin_npu_set_clk_div
 .text.witin_soft_reset
                0x0000000000021250        0xc ../../WitinProgramTool_WTM2101/LibNPU/LibNPU.a(libnpu.o)
                0x0000000000021250                witin_soft_reset
 .text.crc16_ccitt_false
                0x000000000002125c       0x4a ../../WitinProgramTool_WTM2101/LibNPU/LibNPU.a(crcLib.o)
                0x000000000002125c                crc16_ccitt_false
                0x00000000000212a6                __text_end__ = (__text_start__ + SIZEOF (.text))
                0x0000000000021042                __text_size__ = SIZEOF (.text)
                0x00000000000212a6                __text_load_end__ = __text_end__
                0x0000000000000001                . = ASSERT (((__text_start__ == __text_end__) || ((__text_end__ - __ILM_RAM_segment_start__) <= __ILM_RAM_segment_size__)), error: .text is too large to fit in DLM_RAM memory segment)
                0x00000000000212a8                __dtors_load_start__ = ALIGN (__text_end__, 0x4)

.dtors          0x00000000000212a8        0x0
                0x00000000000212a8                __dtors_start__ = .
 *(SORT_BY_NAME(.dtors.*))
 *(.dtors)
 *(.fini_array)
 *(SORT_BY_NAME(.fini_array.*))
                0x00000000000212a8                __dtors_end__ = (__dtors_start__ + SIZEOF (.dtors))
                0x0000000000000000                __dtors_size__ = SIZEOF (.dtors)
                0x00000000000212a8                __dtors_load_end__ = __dtors_end__
                0x0000000000000001                . = ASSERT (((__dtors_start__ == __dtors_end__) || ((__dtors_end__ - __ILM_RAM_segment_start__) <= __ILM_RAM_segment_size__)), error: .dtors is too large to fit in DLM_RAM memory segment)
                0x00000000000212a8                __ctors_load_start__ = ALIGN (__dtors_end__, 0x4)

.ctors          0x00000000000212a8        0x0
                0x00000000000212a8                __ctors_start__ = .
 *(SORT_BY_NAME(.ctors.*))
 *(.ctors)
 *(.init_array)
 *(SORT_BY_NAME(.init_array.*))
                0x00000000000212a8                __ctors_end__ = (__ctors_start__ + SIZEOF (.ctors))
                0x0000000000000000                __ctors_size__ = SIZEOF (.ctors)
                0x00000000000212a8                __ctors_load_end__ = __ctors_end__
                0x0000000000000001                . = ASSERT (((__ctors_start__ == __ctors_end__) || ((__ctors_end__ - __ILM_RAM_segment_start__) <= __ILM_RAM_segment_size__)), error: .ctors is too large to fit in DLM_RAM memory segment)
                0x00000000000212a8                __rodata_load_start__ = ALIGN (__ctors_end__, 0x4)

.rodata         0x00000000000212a8     0x2ec8
                0x00000000000212a8                __rodata_start__ = .
 *(.rodata .rodata.*)
 .rodata.core_exception_handler.str1.4
                0x00000000000212a8       0x19 Output/RAM_DEMO/Obj/WITIN_PROJECT/wtm2101_it.o
 *fill*         0x00000000000212c1        0x3 
 .rodata.system_clock_init_internal_24M.str1.4
                0x00000000000212c4       0x1a Output/RAM_DEMO/Obj/WITIN_PROJECT/main.o
 *fill*         0x00000000000212de        0x2 
 .rodata.audio_init.str1.4
                0x00000000000212e0       0x48 Output/RAM_DEMO/Obj/WITIN_PROJECT/main.o
 .rodata.audio_run.str1.4
                0x0000000000021328       0x1c Output/RAM_DEMO/Obj/WITIN_PROJECT/main.o
 .rodata.i2s_init.str1.4
                0x0000000000021344       0x63 Output/RAM_DEMO/Obj/WITIN_PROJECT/main.o
 *fill*         0x00000000000213a7        0x1 
 .rodata.main.str1.4
                0x00000000000213a8       0x20 Output/RAM_DEMO/Obj/WITIN_PROJECT/main.o
 .rodata.GPIO_Init
                0x00000000000213c8       0x30 Output/RAM_DEMO/Obj/WITIN_PROJECT/gpio.o
 .rodata.PMU_Set_24M_Clock_Source_div
                0x00000000000213f8       0x34 Output/RAM_DEMO/Obj/WITIN_PROJECT/pmu.o
 .rodata.RCC_Get_SYSClk
                0x000000000002142c       0x18 Output/RAM_DEMO/Obj/WITIN_PROJECT/rcc.o
 .rodata.str1.4
                0x0000000000021444       0x25 Output/RAM_DEMO/Obj/WITIN_PROJECT/wtm2101_mmap.o
 *fill*         0x0000000000021469        0x3 
 .rodata.MMAP_LUT
                0x000000000002146c       0x80 Output/RAM_DEMO/Obj/WITIN_PROJECT/wtm2101_mmap.o
                0x000000000002146c                MMAP_LUT
 .rodata.npu_init.str1.4
                0x00000000000214ec       0x97 Output/RAM_DEMO/Obj/WITIN_PROJECT/npu_hal.o
 *fill*         0x0000000000021583        0x1 
 .rodata.hal_audio_ctl
                0x0000000000021584       0x44 Output/RAM_DEMO/Obj/WITIN_PROJECT/hal_audio.o
 .rodata.hal_i2s_open
                0x00000000000215c8       0x84 Output/RAM_DEMO/Obj/WITIN_PROJECT/hal_i2s.o
 .rodata.hal_i2s_ctl
                0x000000000002164c       0x84 Output/RAM_DEMO/Obj/WITIN_PROJECT/hal_i2s.o
 .rodata.SEGGER_RTT_ReadNoLock.str1.4
                0x00000000000216d0       0x10 Output/RAM_DEMO/Obj/WITIN_PROJECT/SEGGER_RTT.o
 .rodata.FBANK_FILTERS
                0x00000000000216e0      0x140 Output/RAM_DEMO/Obj/WITIN_PROJECT/feature_params.o
                0x00000000000216e0                FBANK_FILTERS
 .rodata.povey_win
                0x0000000000021820      0x320 Output/RAM_DEMO/Obj/WITIN_PROJECT/feature_params.o
                0x0000000000021820                povey_win
 .rodata.tab_in
                0x0000000000021b40      0x1d8 Output/RAM_DEMO/Obj/WITIN_PROJECT/feature_tools.o
 .rodata.tab_out
                0x0000000000021d18       0x76 Output/RAM_DEMO/Obj/WITIN_PROJECT/feature_tools.o
 *fill*         0x0000000000021d8e        0x2 
 .rodata.armBitRevIndexTable_fixed_256
                0x0000000000021d90      0x1e0 Output/RAM_DEMO/Obj/WITIN_PROJECT/witin_math_lib.o
                0x0000000000021d90                armBitRevIndexTable_fixed_256
 .rodata.arm_cfft_sR_q31_len256
                0x0000000000021f70       0x10 Output/RAM_DEMO/Obj/WITIN_PROJECT/witin_math_lib.o
                0x0000000000021f70                arm_cfft_sR_q31_len256
 .rodata.realCoefAQ31
                0x0000000000021f80      0x7f8 Output/RAM_DEMO/Obj/WITIN_PROJECT/witin_math_lib.o
                0x0000000000021f80                realCoefAQ31
 .rodata.realCoefBQ31
                0x0000000000022778      0x3fc Output/RAM_DEMO/Obj/WITIN_PROJECT/witin_math_lib.o