Archive member included to satisfy reference by file (symbol)

C:/Program Files/SEGGER/SEGGER Embedded Studio for ARM 5.60/lib/libc_v7em_fpv4_sp_d16_hard_t_le_eabi.a(libc2.o)
                              Output/Debug/Obj/jtag_io/SEGGER_RTT_SES.o (vsnprintf)
C:/Program Files/SEGGER/SEGGER Embedded Studio for ARM 5.60/lib/libc_v7em_fpv4_sp_d16_hard_t_le_eabi.a(libc2_asm.o)
                              Output/Debug/Obj/jtag_io/SEGGER_RTT.o (memcpy)
C:/Program Files/SEGGER/SEGGER Embedded Studio for ARM 5.60/lib/libc_v7em_fpv4_sp_d16_hard_t_le_eabi.a(libvfprintf.o)
                              (__vfprintf_int_nwp)
C:/Program Files/SEGGER/SEGGER Embedded Studio for ARM 5.60/lib/libc_v7em_fpv4_sp_d16_hard_t_le_eabi.a(libvfscanf.o)
                              (__vfscanf_int)
C:/Program Files/SEGGER/SEGGER Embedded Studio for ARM 5.60/lib/libc_v7em_fpv4_sp_d16_hard_t_le_eabi.a(libc.o)
                              C:/Program Files/SEGGER/SEGGER Embedded Studio for ARM 5.60/lib/libc_v7em_fpv4_sp_d16_hard_t_le_eabi.a(libc2.o) (__heap_lock)
C:/Program Files/SEGGER/SEGGER Embedded Studio for ARM 5.60/lib/libc_v7em_fpv4_sp_d16_hard_t_le_eabi.a(libc_asm.o)
                              C:/Program Files/SEGGER/SEGGER Embedded Studio for ARM 5.60/lib/libc_v7em_fpv4_sp_d16_hard_t_le_eabi.a(libc2.o) (__aeabi_uldivmod)
C:/Program Files/SEGGER/SEGGER Embedded Studio for ARM 5.60/lib/libdebugio_v7em_fpv4_sp_d16_hard_t_le_eabi.a(libdebugio.o)
                              Output/Debug/Obj/jtag_io/thumb_crt0.o (debug_fopen)
C:/Program Files/SEGGER/SEGGER Embedded Studio for ARM 5.60/lib/libdebugio_v7em_fpv4_sp_d16_hard_t_le_eabi.a(do_nv_debug_operation.o)
                              C:/Program Files/SEGGER/SEGGER Embedded Studio for ARM 5.60/lib/libdebugio_v7em_fpv4_sp_d16_hard_t_le_eabi.a(libdebugio.o) (__do_nvdebug_operation)
C:/Program Files/SEGGER/SEGGER Embedded Studio for ARM 5.60/lib/libdebugio_v7em_fpv4_sp_d16_hard_t_le_eabi.a(mempoll_debug_operations.o)
                              (__do_debug_operation_mempoll)
C:/Program Files/SEGGER/SEGGER Embedded Studio for ARM 5.60/lib/libm_v7em_fpv4_sp_d16_hard_t_le_eabi.a(libm_asm.o)
                              C:/Program Files/SEGGER/SEGGER Embedded Studio for ARM 5.60/lib/libc_v7em_fpv4_sp_d16_hard_t_le_eabi.a(libc2.o) (__aeabi_dadd)
C:/Program Files/SEGGER/SEGGER Embedded Studio for ARM 5.60/lib/libm_v7em_fpv4_sp_d16_hard_t_le_eabi.a(libm2.o)
                              C:/Program Files/SEGGER/SEGGER Embedded Studio for ARM 5.60/lib/libc_v7em_fpv4_sp_d16_hard_t_le_eabi.a(libvfprintf.o) (frexp)

Discarded input sections

 .group         0x0000000000000000        0xc Output/Debug/Obj/jtag_io/main.o
 .group         0x0000000000000000        0xc Output/Debug/Obj/jtag_io/main.o
 .group         0x0000000000000000        0xc Output/Debug/Obj/jtag_io/main.o
 .group         0x0000000000000000        0xc Output/Debug/Obj/jtag_io/main.o
 .group         0x0000000000000000        0xc Output/Debug/Obj/jtag_io/main.o
 .group         0x0000000000000000        0xc Output/Debug/Obj/jtag_io/main.o
 .group         0x0000000000000000        0xc Output/Debug/Obj/jtag_io/main.o
 .group         0x0000000000000000        0xc Output/Debug/Obj/jtag_io/main.o
 .group         0x0000000000000000        0xc Output/Debug/Obj/jtag_io/main.o
 .group         0x0000000000000000        0xc Output/Debug/Obj/jtag_io/main.o
 .group         0x0000000000000000        0xc Output/Debug/Obj/jtag_io/main.o
 .group         0x0000000000000000        0xc Output/Debug/Obj/jtag_io/main.o
 .group         0x0000000000000000        0xc Output/Debug/Obj/jtag_io/main.o
 .group         0x0000000000000000        0xc Output/Debug/Obj/jtag_io/main.o
 .group         0x0000000000000000        0xc Output/Debug/Obj/jtag_io/main.o
 .text          0x0000000000000000        0x0 Output/Debug/Obj/jtag_io/main.o
 .data          0x0000000000000000        0x0 Output/Debug/Obj/jtag_io/main.o
 .bss           0x0000000000000000        0x0 Output/Debug/Obj/jtag_io/main.o
 .group         0x0000000000000000        0xc Output/Debug/Obj/jtag_io/system_stm32f4xx.o
 .group         0x0000000000000000        0xc Output/Debug/Obj/jtag_io/system_stm32f4xx.o
 .group         0x0000000000000000        0xc Output/Debug/Obj/jtag_io/system_stm32f4xx.o
 .group         0x0000000000000000        0xc Output/Debug/Obj/jtag_io/system_stm32f4xx.o
 .group         0x0000000000000000        0xc Output/Debug/Obj/jtag_io/system_stm32f4xx.o
 .group         0x0000000000000000        0xc Output/Debug/Obj/jtag_io/system_stm32f4xx.o
 .group         0x0000000000000000        0xc Output/Debug/Obj/jtag_io/system_stm32f4xx.o
 .text          0x0000000000000000        0x0 Output/Debug/Obj/jtag_io/system_stm32f4xx.o
 .data          0x0000000000000000        0x0 Output/Debug/Obj/jtag_io/system_stm32f4xx.o
 .bss           0x0000000000000000        0x0 Output/Debug/Obj/jtag_io/system_stm32f4xx.o
[...]
Memory Configuration

Name             Origin             Length             Attributes
UNPLACED_SECTIONS 0x0000000100000000 0x0000000000000000 xw
FLASH1           0x0000000008000000 0x0000000000200000 xr
RAM1             0x0000000020000000 0x0000000000030000 xw
*default*        0x0000000000000000 0xffffffffffffffff

Linker script and memory map

                0x0000000000000000                __do_debug_operation = __do_debug_operation_mempoll
                0x00000000080018b4                __vfprintf = __vfprintf_int_nwp
                0x0000000000000000                __vfscanf = __vfscanf_int
                0x0000000008000000                __FLASH1_segment_start__ = 0x8000000
                0x0000000008200000                __FLASH1_segment_end__ = 0x8200000
                0x0000000000200000                __FLASH1_segment_size__ = 0x200000
                0x0000000020000000                __RAM1_segment_start__ = 0x20000000
                0x0000000020030000                __RAM1_segment_end__ = 0x20030000
                0x0000000000030000                __RAM1_segment_size__ = 0x30000
                0x0000000000000100                __HEAPSIZE__ = 0x100
                0x0000000000000000                __STACKSIZE_PROCESS__ = 0x0
                0x0000000000000100                __STACKSIZE__ = 0x100
                0x0000000020000000                __vectors_ram_load_start__ = ALIGN (__RAM1_segment_start__, 0x100)

.vectors_ram    0x0000000020000000        0x0
                0x0000000020000000                __vectors_ram_start__ = .
 *(.vectors_ram .vectors_ram.*)
                0x0000000020000000                __vectors_ram_end__ = (__vectors_ram_start__ + SIZEOF (.vectors_ram))
                0x0000000000000000                __vectors_ram_size__ = SIZEOF (.vectors_ram)
                0x0000000020000000                __vectors_ram_load_end__ = __vectors_ram_end__
                0x0000000000000001                . = ASSERT (((__vectors_ram_start__ == __vectors_ram_end__) || ((__vectors_ram_end__ - __RAM1_segment_start__) <= __RAM1_segment_size__)), error: .vectors_ram is too large to fit in RAM1 memory segment)
                0x0000000008000000                __vectors_load_start__ = ALIGN (__FLASH1_segment_start__, 0x100)

.vectors        0x0000000008000000      0x188
                0x0000000008000000                __vectors_start__ = .
 *(.vectors .vectors.*)
 .vectors       0x0000000008000000      0x188 Output/Debug/Obj/jtag_io/STM32F40x_Vectors.o
                0x0000000008000000                _vectors
                0x0000000008000188                __vectors_end__ = (__vectors_start__ + SIZEOF (.vectors))
                0x0000000000000188                __vectors_size__ = SIZEOF (.vectors)
                0x0000000008000188                __vectors_load_end__ = __vectors_end__
                0x0000000000000001                . = ASSERT (((__vectors_start__ == __vectors_end__) || ((__vectors_end__ - __FLASH1_segment_start__) <= __FLASH1_segment_size__)), error: .vectors is too large to fit in FLASH1 memory segment)
                0x0000000008000188                __init_load_start__ = ALIGN (__vectors_end__, 0x4)

.init           0x0000000008000188      0x244
                0x0000000008000188                __init_start__ = .
 *(.init .init.*)
 .init          0x0000000008000188       0x44 Output/Debug/Obj/jtag_io/STM32F4xx_Startup.o
                0x0000000008000188                Reset_Handler
 .init          0x00000000080001cc       0xac Output/Debug/Obj/jtag_io/STM32F40x_Vectors.o
                0x00000000080001cc                NMI_Handler
                0x00000000080001ce                HardFault_Handler
                0x00000000080001d0                SVC_Handler
                0x00000000080001d2                PendSV_Handler
                0x00000000080001d4                SysTick_Handler
                0x00000000080001d8                WWDG_IRQHandler
                0x00000000080001da                PVD_IRQHandler
                0x00000000080001dc                TAMP_STAMP_IRQHandler
                0x00000000080001de                RTC_WKUP_IRQHandler
                0x00000000080001e0                RCC_IRQHandler
                0x00000000080001e2                EXTI0_IRQHandler
                0x00000000080001e4                EXTI1_IRQHandler
                0x00000000080001e6                EXTI2_IRQHandler
                0x00000000080001e8                EXTI3_IRQHandler
                0x00000000080001ea                EXTI4_IRQHandler
                0x00000000080001ec                DMA1_Stream0_IRQHandler
                0x00000000080001ee                DMA1_Stream1_IRQHandler
                0x00000000080001f0                DMA1_Stream2_IRQHandler
                0x00000000080001f2                DMA1_Stream3_IRQHandler
                0x00000000080001f4                DMA1_Stream4_IRQHandler
                0x00000000080001f6                DMA1_Stream5_IRQHandler
                0x00000000080001f8                DMA1_Stream6_IRQHandler
                0x00000000080001fa                ADC_IRQHandler
                0x00000000080001fc                CAN1_TX_IRQHandler
                0x00000000080001fe                CAN1_RX0_IRQHandler
                0x0000000008000200                CAN1_RX1_IRQHandler
                0x0000000008000202                CAN1_SCE_IRQHandler
                0x0000000008000204                EXTI9_5_IRQHandler
                0x0000000008000206                TIM1_BRK_TIM9_IRQHandler
                0x0000000008000208                TIM1_UP_TIM10_IRQHandler
                0x000000000800020a                TIM1_TRG_COM_TIM11_IRQHandler
                0x000000000800020c                TIM1_CC_IRQHandler
                0x000000000800020e                TIM2_IRQHandler
                0x0000000008000210                TIM3_IRQHandler
                0x0000000008000212                TIM4_IRQHandler
                0x0000000008000214                I2C1_EV_IRQHandler
                0x0000000008000216                I2C1_ER_IRQHandler
                0x0000000008000218                I2C2_EV_IRQHandler
                0x000000000800021a                I2C2_ER_IRQHandler
                0x000000000800021c                SPI1_IRQHandler
                0x000000000800021e                SPI2_IRQHandler
                0x0000000008000220                USART1_IRQHandler
                0x0000000008000222                USART2_IRQHandler
                0x0000000008000224                USART3_IRQHandler
                0x0000000008000226                EXTI15_10_IRQHandler
                0x0000000008000228                RTC_Alarm_IRQHandler
                0x000000000800022a                OTG_FS_WKUP_IRQHandler
                0x000000000800022c                TIM8_BRK_TIM12_IRQHandler
                0x000000000800022e                TIM8_UP_TIM13_IRQHandler
                0x0000000008000230                TIM8_TRG_COM_TIM14_IRQHandler
                0x0000000008000232                TIM8_CC_IRQHandler
                0x0000000008000234                DMA1_Stream7_IRQHandler
                0x0000000008000236                FSMC_IRQHandler
                0x0000000008000238                SDIO_IRQHandler
                0x000000000800023a                TIM5_IRQHandler
                0x000000000800023c                SPI3_IRQHandler
                0x000000000800023e                UART4_IRQHandler
                0x0000000008000240                UART5_IRQHandler
                0x0000000008000242                TIM6_DAC_IRQHandler
                0x0000000008000244                TIM7_IRQHandler
                0x0000000008000246                DMA2_Stream0_IRQHandler
                0x0000000008000248                DMA2_Stream1_IRQHandler
                0x000000000800024a                DMA2_Stream2_IRQHandler
                0x000000000800024c                DMA2_Stream3_IRQHandler
                0x000000000800024e                DMA2_Stream4_IRQHandler
                0x0000000008000250                ETH_IRQHandler
                0x0000000008000252                ETH_WKUP_IRQHandler
                0x0000000008000254                CAN2_TX_IRQHandler
                0x0000000008000256                CAN2_RX0_IRQHandler
                0x0000000008000258                CAN2_RX1_IRQHandler
                0x000000000800025a                CAN2_SCE_IRQHandler
                0x000000000800025c                OTG_FS_IRQHandler
                0x000000000800025e                DMA2_Stream5_IRQHandler
                0x0000000008000260                DMA2_Stream6_IRQHandler
                0x0000000008000262                DMA2_Stream7_IRQHandler
                0x0000000008000264                USART6_IRQHandler
                0x0000000008000266                I2C3_EV_IRQHandler
                0x0000000008000268                I2C3_ER_IRQHandler
                0x000000000800026a                OTG_HS_EP1_OUT_IRQHandler
                0x000000000800026c                OTG_HS_EP1_IN_IRQHandler
                0x000000000800026e                OTG_HS_WKUP_IRQHandler
                0x0000000008000270                OTG_HS_IRQHandler
                0x0000000008000272                DCMI_IRQHandler
                0x0000000008000274                FPU_IRQHandler
 .init          0x0000000008000278      0x154 Output/Debug/Obj/jtag_io/thumb_crt0.o
                0x0000000008000278                _start
                0x0000000008000328                exit
                0x00000000080003cc                __init_end__ = (__init_start__ + SIZEOF (.init))
                0x0000000000000244                __init_size__ = SIZEOF (.init)
                0x00000000080003cc                __init_load_end__ = __init_end__
                0x0000000000000001                . = ASSERT (((__init_start__ == __init_end__) || ((__init_end__ - __FLASH1_segment_start__) <= __FLASH1_segment_size__)), error: .init is too large to fit in FLASH1 memory segment)
                0x00000000080003cc                __init_rodata_load_start__ = ALIGN (__init_end__, 0x4)

.init_rodata    0x00000000080003cc        0x0
                0x00000000080003cc                __init_rodata_start__ = .
 *(.init_rodata .init_rodata.*)
                0x00000000080003cc                __init_rodata_end__ = (__init_rodata_start__ + SIZEOF (.init_rodata))
                0x0000000000000000                __init_rodata_size__ = SIZEOF (.init_rodata)
                0x00000000080003cc                __init_rodata_load_end__ = __init_rodata_end__
                0x0000000000000001                . = ASSERT (((__init_rodata_start__ == __init_rodata_end__) || ((__init_rodata_end__ - __FLASH1_segment_start__) <= __FLASH1_segment_size__)), error: .init_rodata is too large to fit in FLASH1 memory segment)
                0x00000000080003cc                __text_load_start__ = ALIGN (__init_rodata_end__, 0x4)

.text           0x00000000080003cc     0x19e8
                0x00000000080003cc                __text_start__ = .
 *(.text .text.* .glue_7t .glue_7 .gnu.linkonce.t.* .gcc_except_table .ARM.extab* .gnu.linkonce.armextab.*)
 .glue_7        0x00000000080003cc        0x0 linker stubs
 .glue_7t       0x00000000080003cc        0x0 linker stubs
 .text.startup.main
                0x00000000080003cc       0x20 Output/Debug/Obj/jtag_io/main.o
                0x00000000080003cc                main
 .text.SystemCoreClockUpdate
                0x00000000080003ec       0x70 Output/Debug/Obj/jtag_io/system_stm32f4xx.o
                0x00000000080003ec                SystemCoreClockUpdate
 .text.SystemInit
                0x000000000800045c      0x140 Output/Debug/Obj/jtag_io/system_stm32f4xx.o
                0x000000000800045c                SystemInit
 .text.SEGGER_RTT_Write
                0x000000000800059c      0x238 Output/Debug/Obj/jtag_io/SEGGER_RTT.o
                0x000000000800059c                SEGGER_RTT_Write
 .text.SEGGER_RTT_WriteString
                0x00000000080007d4      0x240 Output/Debug/Obj/jtag_io/SEGGER_RTT.o
                0x00000000080007d4                SEGGER_RTT_WriteString
 .text.printf   0x0000000008000a14       0x30 Output/Debug/Obj/jtag_io/SEGGER_RTT_SES.o
                0x0000000008000a14                printf
 .text.puts     0x0000000008000a44        0x8 Output/Debug/Obj/jtag_io/SEGGER_RTT_SES.o
                0x0000000008000a44                puts
 .text.RCC_AHB1PeriphClockCmd
                0x0000000008000a4c       0x18 Output/Debug/Obj/jtag_io/stm32f4xx_rcc.o
                0x0000000008000a4c                RCC_AHB1PeriphClockCmd
 .text.RCC_APB2PeriphClockCmd
                0x0000000008000a64       0x18 Output/Debug/Obj/jtag_io/stm32f4xx_rcc.o
                0x0000000008000a64                RCC_APB2PeriphClockCmd
 .text.GPIO_Init
                0x0000000008000a7c       0x94 Output/Debug/Obj/jtag_io/stm32f4xx_gpio.o
                0x0000000008000a7c                GPIO_Init
 .text.GPIO_ResetBits
                0x0000000008000b10        0x4 Output/Debug/Obj/jtag_io/stm32f4xx_gpio.o
                0x0000000008000b10                GPIO_ResetBits
 .text.enable_dmi
                0x0000000008000b14       0x2c Output/Debug/Obj/jtag_io/debug_common.o
                0x0000000008000b14                enable_dmi
 .text.halt_cpu
                0x0000000008000b40       0x34 Output/Debug/Obj/jtag_io/debug_common.o
                0x0000000008000b40                halt_cpu
 .text.resume_cpu
                0x0000000008000b74       0x30 Output/Debug/Obj/jtag_io/debug_common.o
                0x0000000008000b74                resume_cpu
 .text.write_memory_using_prg_buf
                0x0000000008000ba4       0xa0 Output/Debug/Obj/jtag_io/debug_common.o
                0x0000000008000ba4                write_memory_using_prg_buf
 .text.write_memory_using_abs_cmd
                0x0000000008000c44       0x44 Output/Debug/Obj/jtag_io/debug_common.o
                0x0000000008000c44                write_memory_using_abs_cmd
 .text.write_csr
                0x0000000008000c88       0x28 Output/Debug/Obj/jtag_io/debug_common.o
                0x0000000008000c88                write_csr
 .text.write_memory
                0x0000000008000cb0      0x10c Output/Debug/Obj/jtag_io/debug_common.o
                0x0000000008000cb0                write_memory
 .text.send_tms_cjtag.constprop.0
                0x0000000008000dbc       0x74 Output/Debug/Obj/jtag_io/jtag_ram.o
 .text.send_tms_cjtag.constprop.1
                0x0000000008000e30       0x74 Output/Debug/Obj/jtag_io/jtag_ram.o
 .text.JTAG_IR_Scan.constprop.0.isra.0
                0x0000000008000ea4      0x270 Output/Debug/Obj/jtag_io/jtag_ram.o
 .text.JTAG_DR_Scan.constprop.1
                0x0000000008001114      0x170 Output/Debug/Obj/jtag_io/jtag_ram.o
 .text.switch_jtag2cjtag
                0x0000000008001284      0x12c Output/Debug/Obj/jtag_io/jtag_ram.o
                0x0000000008001284                switch_jtag2cjtag
 .text.JTAG_Reset
                0x00000000080013b0       0x70 Output/Debug/Obj/jtag_io/jtag_ram.o
                0x00000000080013b0                JTAG_Reset
 .text.write_dm_register
                0x0000000008001420       0xb0 Output/Debug/Obj/jtag_io/jtag_ram.o
                0x0000000008001420                write_dm_register
 .text.read_dm_register
                0x00000000080014d0       0xc8 Output/Debug/Obj/jtag_io/jtag_ram.o
                0x00000000080014d0                read_dm_register
 .text.Jtag_Download_Bin
                0x0000000008001598      0x1c4 Output/Debug/Obj/jtag_io/jtag_ram.o
                0x0000000008001598                Jtag_Download_Bin
 .text.Jtag_Io_Config
                0x000000000800175c       0x54 Output/Debug/Obj/jtag_io/jtag_port.o
                0x000000000800175c                Jtag_Io_Config
 .text.libc.__putc
                0x00000000080017b0       0x36 C:/Program Files/SEGGER/SEGGER Embedded Studio for ARM 5.60/lib/libc_v7em_fpv4_sp_d16_hard_t_le_eabi.a(libc2.o)
                0x00000000080017b0                __putc
 .text.libc.vsnprintf
                0x00000000080017e6       0x1c C:/Program Files/SEGGER/SEGGER Embedded Studio for ARM 5.60/lib/libc_v7em_fpv4_sp_d16_hard_t_le_eabi.a(libc2.o)
                0x00000000080017e6                vsnprintf
 .text.libc.memcpy
                0x0000000008001802       0x52 C:/Program Files/SEGGER/SEGGER Embedded Studio for ARM 5.60/lib/libc_v7em_fpv4_sp_d16_hard_t_le_eabi.a(libc2_asm.o)
                0x0000000008001802                __aeabi_memcpy
                0x0000000008001802                memcpy
                0x000000000800180e                __aeabi_memcpy8
                0x000000000800180e                __aeabi_memcpy4
 .text.libc.strlen
                0x0000000008001854       0x60 C:/Program Files/SEGGER/SEGGER Embedded Studio for ARM 5.60/lib/libc_v7em_fpv4_sp_d16_hard_t_le_eabi.a(libc2_asm.o)
                0x0000000008001854                strlen
 .text.libc.__vfprintf_int_nwp
                0x00000000080018b4      0x500 C:/Program Files/SEGGER/SEGGER Embedded Studio for ARM 5.60/lib/libc_v7em_fpv4_sp_d16_hard_t_le_eabi.a(libvfprintf.o)
                0x00000000080018b4                __vfprintf_int_nwp
                0x0000000008001db4                __text_end__ = (__text_start__ + SIZEOF (.text))
                0x00000000000019e8                __text_size__ = SIZEOF (.text)
                0x0000000008001db4                __text_load_end__ = __text_end__

.vfp11_veneer   0x0000000100000000        0x0
 .vfp11_veneer  0x0000000100000000        0x0 linker stubs

.v4_bx          0x0000000100000000        0x0
 .v4_bx         0x0000000100000000        0x0 linker stubs

.iplt           0x0000000100000000        0x0
 .iplt          0x0000000100000000        0x0 Output/Debug/Obj/jtag_io/main.o
                0x0000000000000001                . = ASSERT (((__text_start__ == __text_end__) || ((__text_end__ - __FLASH1_segment_start__) <= __FLASH1_segment_size__)), error: .text is too large to fit in FLASH1 memory segment)
                0x0000000008001db4                __dtors_load_start__ = ALIGN (__text_end__, 0x4)

.dtors          0x0000000008001db4        0x0
                0x0000000008001db4                __dtors_start__ = .
 *(SORT_BY_NAME(.dtors.*))
 *(.dtors)
 *(.fini_array)
 *(SORT_BY_NAME(.fini_array.*))
                0x0000000008001db4                __dtors_end__ = (__dtors_start__ + SIZEOF (.dtors))
                0x0000000000000000                __dtors_size__ = SIZEOF (.dtors)
                0x0000000008001db4                __dtors_load_end__ = __dtors_end__
                0x0000000000000001                . = ASSERT (((__dtors_start__ == __dtors_end__) || ((__dtors_end__ - __FLASH1_segment_start__) <= __FLASH1_segment_size__)), error: .dtors is too large to fit in FLASH1 memory segment)
                0x0000000008001db4                __ctors_load_start__ = ALIGN (__dtors_end__, 0x4)

.ctors          0x0000000008001db4        0x0
                0x0000000008001db4                __ctors_start__ = .
 *(SORT_BY_NAME(.ctors.*))
 *(.ctors)
 *(.init_array)
 *(SORT_BY_NAME(.init_array.*))
                0x0000000008001db4                __ctors_end__ = (__ctors_start__ + SIZEOF (.ctors))
                0x0000000000000000                __ctors_size__ = SIZEOF (.ctors)
                0x0000000008001db4                __ctors_load_end__ = __ctors_end__
                0x0000000000000001                . = ASSERT (((__ctors_start__ == __ctors_end__) || ((__ctors_end__ - __FLASH1_segment_start__) <= __FLASH1_segment_size__)), error: .ctors is too large to fit in FLASH1 memory segment)
                0x0000000008001db4                __rodata_load_start__ = ALIGN (__ctors_end__, 0x4)

.rodata         0x0000000008001db4     0x279c
                0x0000000008001db4                __rodata_start__ = .
 *(.rodata .rodata.* .gnu.linkonce.r.*)
 .rodata        0x0000000008001db4        0xc Output/Debug/Obj/jtag_io/main.o
 .rodata.__bin_file
                0x0000000008001dc0     0x2610 Output/Debug/Obj/jtag_io/main.o
                0x0000000008001dc0                __bin_file
 .rodata.AHBPrescTable
                0x00000000080043d0       0x10 Output/Debug/Obj/jtag_io/system_stm32f4xx.o
                0x00000000080043d0                AHBPrescTable
 .rodata.SEGGER_RTT_ReadNoLock.str1.4
                0x00000000080043e0       0x17 Output/Debug/Obj/jtag_io/SEGGER_RTT.o
 *fill*         0x00000000080043f7        0x1 
 .rodata        0x00000000080043f8      0x100 Output/Debug/Obj/jtag_io/debug_common.o
 .rodata        0x00000000080044f8       0x35 Output/Debug/Obj/jtag_io/jtag_ram.o
 *fill*         0x000000000800452d        0x3 
 .rodata.libc.__RAL_hex_lc
                0x0000000008004530       0x10 C:/Program Files/SEGGER/SEGGER Embedded Studio for ARM 5.60/lib/libc_v7em_fpv4_sp_d16_hard_t_le_eabi.a(libc2.o)
                0x0000000008004530                __RAL_hex_lc
 .rodata.libc.__RAL_hex_uc
                0x0000000008004540       0x10 C:/Program Files/SEGGER/SEGGER Embedded Studio for ARM 5.60/lib/libc_v7em_fpv4_sp_d16_hard_t_le_eabi.a(libc2.o)
                0x0000000008004540                __RAL_hex_uc
                0x0000000008004550                __rodata_end__ = (__rodata_start__ + SIZEOF (.rodata))
                0x000000000000279c                __rodata_size__ = SIZEOF (.rodata)
                0x0000000008004550                __rodata_load_end__ = __rodata_end__

.rel.dyn        0x0000000008000000        0x0
 .rel.iplt      0x0000000008000000        0x0 Output/Debug/Obj/jtag_io/main.o
                0x0000000000000001                . = ASSERT (((__rodata_start__ == __rodata_end__) || ((__rodata_end__ - __FLASH1_segment_start__) <= __FLASH1_segment_size__)), error: .rodata is too large to fit in FLASH1 memory segment)
                0x0000000008004550                __ARM.exidx_load_start__ = ALIGN (__rodata_end__, 0x4)

.ARM.exidx      0x0000000008004550        0x0
                0x0000000008004550                __ARM.exidx_start__ = .
                0x0000000008004550                __exidx_start = __ARM.exidx_start__
 *(.ARM.exidx .ARM.exidx.*)
                0x0000000008004550                __ARM.exidx_end__ = (__ARM.exidx_start__ + SIZEOF (.ARM.exidx))
                0x0000000000000000                __ARM.exidx_size__ = SIZEOF (.ARM.exidx)
                0x0000000008004550                __exidx_end = __ARM.exidx_end__
                0x0000000008004550                __ARM.exidx_load_end__ = __ARM.exidx_end__
                0x0000000000000001                . = ASSERT (((__ARM.exidx_start__ == __ARM.exidx_end__) || ((__ARM.exidx_end__ - __FLASH1_segment_start__) <= __FLASH1_segment_size__)), error: .ARM.exidx is too large to fit in FLASH1 memory segment)
                0x0000000008004550                __fast_load_start__ = ALIGN (__ARM.exidx_end__, 0x4)

.fast           0x0000000020000000        0x0 load address 0x0000000008004550
                0x0000000020000000                __fast_start__ = .
 *(.fast .fast.*)
                0x0000000020000000                __fast_end__ = (__fast_start__ + SIZEOF (.fast))
                0x0000000000000000                __fast_size__ = SIZEOF (.fast)
                0x0000000008004550                __fast_load_end__ = (__fast_load_start__ + SIZEOF (.fast))
                0x0000000000000001                . = ASSERT (((__fast_load_start__ == __fast_load_end__) || ((__fast_load_end__ - __FLASH1_segment_start__) <= __FLASH1_segment_size__)), error: .fast is too large to fit in FLASH1 memory segment)

.fast_run       0x0000000020000000        0x0
                0x0000000020000000                __fast_run_start__ = .
                0x0000000020000000                . = MAX ((__fast_run_start__ + SIZEOF (.fast)), .)
                0x0000000020000000                __fast_run_end__ = (__fast_run_start__ + SIZEOF (.fast_run))
                0x0000000000000000                __fast_run_size__ = SIZEOF (.fast_run)
                0x0000000020000000                __fast_run_load_end__ = __fast_run_end__
                0x0000000000000001                . = ASSERT (((__fast_run_start__ == __fast_run_end__) || ((__fast_run_end__ - __RAM1_segment_start__) <= __RAM1_segment_size__)), error: .fast_run is too large to fit in RAM1 memory segment)
                0x0000000008004550                __data_load_start__ = ALIGN ((__fast_load_start__ + SIZEOF (.fast)), 0x4)

.data           0x0000000020000000        0x4 load address 0x0000000008004550
                0x0000000020000000                __data_start__ = .
 *(.data .data.* .gnu.linkonce.d.*)
 .data.SystemCoreClock
                0x0000000020000000        0x4 Output/Debug/Obj/jtag_io/system_stm32f4xx.o
                0x0000000020000000                SystemCoreClock
                0x0000000020000004                __data_end__ = (__data_start__ + SIZEOF (.data))
                0x0000000000000004                __data_size__ = SIZEOF (.data)
                0x0000000008004554                __data_load_end__ = (__data_load_start__ + SIZEOF (.data))

.igot.plt       0x0000000100000000        0x0
 .igot.plt      0x0000000100000000        0x0 Output/Debug/Obj/jtag_io/main.o
                0x0000000000000001                . = ASSERT (((__data_load_start__ == __data_load_end__) || ((__data_load_end__ - __FLASH1_segment_start__) <= __FLASH1_segment_size__)), error: .data is too large to fit in FLASH1 memory segment)

.data_run       0x0000000020000000        0x4 load address 0x0000000008004550
                0x0000000020000000                __data_run_start__ = .
                0x0000000020000004                . = MAX ((__data_run_start__ + SIZEOF (.data)), .)
 *fill*         0x0000000020000000        0x4 
                0x0000000020000004                __data_run_end__ = (__data_run_start__ + SIZEOF (.data_run))
                0x0000000000000004                __data_run_size__ = SIZEOF (.data_run)
                0x0000000020000004                __data_run_load_end__ = __data_run_end__
                0x0000000000000001                . = ASSERT (((__data_run_start__ == __data_run_end__) || ((__data_run_end__ - __RAM1_segment_start__) <= __RAM1_segment_size__)), error: .data_run is too large to fit in RAM1 memory segment)
                0x0000000020000004                __bss_load_start__ = ALIGN (__data_run_end__, 0x4)

.bss            0x0000000020000004     0x5080
                0x0000000020000004                __bss_start__ = .
 *(.bss .bss.* .gnu.linkonce.b.*)
 .bss._SEGGER_RTT
                0x0000000020000004       0x78 Output/Debug/Obj/jtag_io/SEGGER_RTT.o
                0x0000000020000004                _SEGGER_RTT
 .bss._acDownBuffer
                0x000000002000007c     0x2800 Output/Debug/Obj/jtag_io/SEGGER_RTT.o
 .bss._acUpBuffer
                0x000000002000287c     0x2800 Output/Debug/Obj/jtag_io/SEGGER_RTT.o
 .bss.cjtag_mode
                0x000000002000507c        0x4 Output/Debug/Obj/jtag_io/jtag_ram.o
 .bss.libc.__user_format_extender
                0x0000000020005080        0x4 C:/Program Files/SEGGER/SEGGER Embedded Studio for ARM 5.60/lib/libc_v7em_fpv4_sp_d16_hard_t_le_eabi.a(libc2.o)
                0x0000000020005080                __user_format_extender
 *(COMMON)
                0x0000000020005084                __bss_end__ = (__bss_start__ + SIZEOF (.bss))
                0x0000000000005080                __bss_size__ = SIZEOF (.bss)
                0x0000000020005084                __bss_load_end__ = __bss_end__
                0x0000000000000001                . = ASSERT (((__bss_start__ == __bss_end__) || ((__bss_end__ - __RAM1_segment_start__) <= __RAM1_segment_size__)), error: .bss is too large to fit in RAM1 memory segment)
                0x0000000020005084                __tbss_load_start__ = ALIGN (__bss_end__, 0x4)

.tbss           0x0000000020005084        0x0
                0x0000000020005084                __tbss_start__ = .
 *(.tbss .tbss.*)
                0x0000000020005084                __tbss_end__ = (__tbss_start__ + SIZEOF (.tbss))
                0x0000000000000000                __tbss_size__ = SIZEOF (.tbss)
                0x0000000020005084                __tbss_load_end__ = __tbss_end__
                0x0000000000000001                . = ASSERT (((__tbss_start__ == __tbss_end__) || ((__tbss_end__ - __RAM1_segment_start__) <= __RAM1_segment_size__)), error: .tbss is too large to fit in RAM1 memory segment)
                0x0000000008004554                __tdata_load_start__ = ALIGN ((__data_load_start__ + SIZEOF (.data)), 0x4)

.tdata          0x0000000020005084        0x0 load address 0x0000000008004554
                0x0000000020005084                __tdata_start__ = .
 *(.tdata .tdata.*)
                0x0000000020005084                __tdata_end__ = (__tdata_start__ + SIZEOF (.tdata))
                0x0000000000000000                __tdata_size__ = SIZEOF (.tdata)
                0x0000000008004554                __tdata_load_end__ = (__tdata_load_start__ + SIZEOF (.tdata))
                0x0000000008004554                __FLASH1_segment_used_end__ = (ALIGN ((__data_load_start__ + SIZEOF (.data)), 0x4) + SIZEOF (.tdata))
                0x0000000000004554                __FLASH1_segment_used_size__ = (__FLASH1_segment_used_end__ - __FLASH1_segment_start__)
                0x0000000000000001                . = ASSERT (((__tdata_load_start__ == __tdata_load_end__) || ((__tdata_load_end__ - __FLASH1_segment_start__) <= __FLASH1_segment_size__)), error: .tdata is too large to fit in FLASH1 memory segment)

.tdata_run      0x0000000020005084        0x0
                0x0000000020005084                __tdata_run_start__ = .
                0x0000000020005084                . = MAX ((__tdata_run_start__ + SIZEOF (.tdata)), .)
                0x0000000020005084                __tdata_run_end__ = (__tdata_run_start__ + SIZEOF (.tdata_run))
                0x0000000000000000                __tdata_run_size__ = SIZEOF (.tdata_run)
                0x0000000020005084                __tdata_run_load_end__ = __tdata_run_end__
                0x0000000000000001                . = ASSERT (((__tdata_run_start__ == __tdata_run_end__) || ((__tdata_run_end__ - __RAM1_segment_start__) <= __RAM1_segment_size__)), error: .tdata_run is too large to fit in RAM1 memory segment)
                0x0000000020005084                __non_init_load_start__ = ALIGN (__tdata_run_end__, 0x4)

.non_init       0x0000000020005084        0x0
                0x0000000020005084                __non_init_start__ = .
 *(.non_init .non_init.*)
                0x0000000020005084                __non_init_end__ = (__non_init_start__ + SIZEOF (.non_init))
                0x0000000000000000                __non_init_size__ = SIZEOF (.non_init)
                0x0000000020005084                __non_init_load_end__ = __non_init_end__
                0x0000000000000001                . = ASSERT (((__non_init_start__ == __non_init_end__) || ((__non_init_end__ - __RAM1_segment_start__) <= __RAM1_segment_size__)), error: .non_init is too large to fit in RAM1 memory segment)
                0x0000000020005084                __heap_load_start__ = ALIGN (__non_init_end__, 0x4)

.heap           0x0000000020005084      0x100
                0x0000000020005084                __heap_start__ = .
 *(.heap .heap.*)
                0x0000000020005184                . = ALIGN (MAX ((__heap_start__ + __HEAPSIZE__), .), 0x4)
 *fill*         0x0000000020005084      0x100 
                0x0000000020005184                __heap_end__ = (__heap_start__ + SIZEOF (.heap))
                0x0000000000000100                __heap_size__ = SIZEOF (.heap)
                0x0000000020005184                __heap_load_end__ = __heap_end__
                0x0000000000000001                . = ASSERT (((__heap_start__ == __heap_end__) || ((__heap_end__ - __RAM1_segment_start__) <= __RAM1_segment_size__)), error: .heap is too large to fit in RAM1 memory segment)
                0x000000002002ff00                __stack_load_start__ = (__RAM1_segment_start__ + (__RAM1_segment_size__ - 0x100))

.stack          0x000000002002ff00      0x100
                0x000000002002ff00                __stack_start__ = .
 *(.stack .stack.*)
                0x0000000020030000                . = ALIGN (MAX ((__stack_start__ + __STACKSIZE__), .), 0x8)
 *fill*         0x000000002002ff00      0x100 
                0x0000000020030000                __stack_end__ = (__stack_start__ + SIZEOF (.stack))
                0x0000000000000100                __stack_size__ = SIZEOF (.stack)
                0x0000000020030000                __stack_load_end__ = __stack_end__
                0x0000000000000001                . = ASSERT (((__stack_start__ == __stack_end__) || ((__stack_end__ - __RAM1_segment_start__) <= __RAM1_segment_size__)), error: .stack is too large to fit in RAM1 memory segment)
                0x0000000000000001                . = ASSERT ((__heap_end__ <= __stack_start__), error: section .heap overlaps absolute placed section .stack)
                0x0000000020030000                __stack_process_load_start__ = ALIGN (__stack_end__, 0x8)

.stack_process  0x0000000020030000        0x0
                0x0000000020030000                __stack_process_start__ = .
 *(.stack_process .stack_process.*)
                0x0000000020030000                . = ALIGN (MAX ((__stack_process_start__ + __STACKSIZE_PROCESS__), .), 0x8)
                0x0000000020030000                __stack_process_end__ = (__stack_process_start__ + SIZEOF (.stack_process))
                0x0000000000000000                __stack_process_size__ = SIZEOF (.stack_process)
                0x0000000020030000                __stack_process_load_end__ = __stack_process_end__
                0x0000000020030000                __RAM1_segment_used_end__ = (ALIGN (__stack_end__, 0x8) + SIZEOF (.stack_process))
                0x0000000000030000                __RAM1_segment_used_size__ = (__RAM1_segment_used_end__ - __RAM1_segment_start__)
                0x0000000000000001                . = ASSERT (((__stack_process_start__ == __stack_process_end__) || ((__stack_process_end__ - __RAM1_segment_start__) <= __RAM1_segment_size__)), error: .stack_process is too large to fit in RAM1 memory segment)
START GROUP
LOAD Output/Debug/Obj/jtag_io/main.o
LOAD Output/Debug/Obj/jtag_io/system_stm32f4xx.o
LOAD Output/Debug/Obj/jtag_io/SEGGER_RTT.o
LOAD Output/Debug/Obj/jtag_io/SEGGER_RTT_SES.o
LOAD Output/Debug/Obj/jtag_io/STM32F4xx_Startup.o
LOAD Output/Debug/Obj/jtag_io/STM32F40x_Vectors.o
LOAD Output/Debug/Obj/jtag_io/thumb_crt0.o
LOAD Output/Debug/Obj/jtag_io/stm32f4xx_fmc.o
LOAD Output/Debug/Obj/jtag_io/stm32f4xx_exti.o
LOAD Output/Debug/Obj/jtag_io/stm32f4xx_syscfg.o
LOAD Output/Debug/Obj/jtag_io/misc.o
LOAD Output/Debug/Obj/jtag_io/stm32f4xx_rcc.o
LOAD Output/Debug/Obj/jtag_io/stm32f4xx_gpio.o
LOAD Output/Debug/Obj/jtag_io/stm32f4xx_tim.o
LOAD Output/Debug/Obj/jtag_io/debug_common.o
LOAD Output/Debug/Obj/jtag_io/jtag_ram.o
LOAD Output/Debug/Obj/jtag_io/jtag_port.o
LOAD C:/Program Files/SEGGER/SEGGER Embedded Studio for ARM 5.60/lib/libm_v7em_fpv4_sp_d16_hard_t_le_eabi.a
LOAD C:/Program Files/SEGGER/SEGGER Embedded Studio for ARM 5.60/lib/libc_v7em_fpv4_sp_d16_hard_t_le_eabi.a
LOAD C:/Program Files/SEGGER/SEGGER Embedded Studio for ARM 5.60/lib/libdebugio_v7em_fpv4_sp_d16_hard_t_le_eabi.a
END GROUP
OUTPUT(Output/Debug/Exe/jtag_io.elf elf32-littlearm)
LOAD linker stubs

.debug_frame    0x0000000000000000     0x12ec
 .debug_frame   0x0000000000000000       0x2c Output/Debug/Obj/jtag_io/main.o
 .debug_frame   0x000000000000002c       0x50 Output/Debug/Obj/jtag_io/system_stm32f4xx.o
 .debug_frame   0x000000000000007c      0x530 Output/Debug/Obj/jtag_io/SEGGER_RTT.o
 .debug_frame   0x00000000000005ac       0xa8 Output/Debug/Obj/jtag_io/SEGGER_RTT_SES.o
 .debug_frame   0x0000000000000654      0x3b8 Output/Debug/Obj/jtag_io/stm32f4xx_rcc.o
 .debug_frame   0x0000000000000a0c      0x1cc Output/Debug/Obj/jtag_io/stm32f4xx_gpio.o
 .debug_frame   0x0000000000000bd8      0x3f8 Output/Debug/Obj/jtag_io/debug_common.o
 .debug_frame   0x0000000000000fd0      0x2e0 Output/Debug/Obj/jtag_io/jtag_ram.o
 .debug_frame   0x00000000000012b0       0x3c Output/Debug/Obj/jtag_io/jtag_port.o

.debug_info     0x0000000000000000     0xa57b
 .debug_info    0x0000000000000000      0x11f Output/Debug/Obj/jtag_io/main.o
 .debug_info    0x000000000000011f      0x63b Output/Debug/Obj/jtag_io/system_stm32f4xx.o
 .debug_info    0x000000000000075a     0x2a16 Output/Debug/Obj/jtag_io/SEGGER_RTT.o
 .debug_info    0x0000000000003170      0x253 Output/Debug/Obj/jtag_io/SEGGER_RTT_SES.o
 .debug_info    0x00000000000033c3       0x23 Output/Debug/Obj/jtag_io/STM32F4xx_Startup.o
 .debug_info    0x00000000000033e6       0x24 Output/Debug/Obj/jtag_io/STM32F40x_Vectors.o
 .debug_info    0x000000000000340a       0x22 Output/Debug/Obj/jtag_io/thumb_crt0.o
 .debug_info    0x000000000000342c     0x1092 Output/Debug/Obj/jtag_io/stm32f4xx_rcc.o
 .debug_info    0x00000000000044be      0x889 Output/Debug/Obj/jtag_io/stm32f4xx_gpio.o
 .debug_info    0x0000000000004d47     0x1b6a Output/Debug/Obj/jtag_io/debug_common.o
 .debug_info    0x00000000000068b1     0x3965 Output/Debug/Obj/jtag_io/jtag_ram.o
 .debug_info    0x000000000000a216      0x365 Output/Debug/Obj/jtag_io/jtag_port.o

.debug_abbrev   0x0000000000000000     0x1457
 .debug_abbrev  0x0000000000000000       0xdc Output/Debug/Obj/jtag_io/main.o
 .debug_abbrev  0x00000000000000dc      0x1a8 Output/Debug/Obj/jtag_io/system_stm32f4xx.o
 .debug_abbrev  0x0000000000000284      0x323 Output/Debug/Obj/jtag_io/SEGGER_RTT.o
 .debug_abbrev  0x00000000000005a7      0x16b Output/Debug/Obj/jtag_io/SEGGER_RTT_SES.o
 .debug_abbrev  0x0000000000000712       0x14 Output/Debug/Obj/jtag_io/STM32F4xx_Startup.o
 .debug_abbrev  0x0000000000000726       0x14 Output/Debug/Obj/jtag_io/STM32F40x_Vectors.o
 .debug_abbrev  0x000000000000073a       0x12 Output/Debug/Obj/jtag_io/thumb_crt0.o
 .debug_abbrev  0x000000000000074c      0x296 Output/Debug/Obj/jtag_io/stm32f4xx_rcc.o
 .debug_abbrev  0x00000000000009e2      0x227 Output/Debug/Obj/jtag_io/stm32f4xx_gpio.o
 .debug_abbrev  0x0000000000000c09      0x2c2 Output/Debug/Obj/jtag_io/debug_common.o
 .debug_abbrev  0x0000000000000ecb      0x441 Output/Debug/Obj/jtag_io/jtag_ram.o
 .debug_abbrev  0x000000000000130c      0x14b Output/Debug/Obj/jtag_io/jtag_port.o

.debug_pubnames
                0x0000000000000000     0x124b
 .debug_pubnames
                0x0000000000000000       0x2a Output/Debug/Obj/jtag_io/main.o
 .debug_pubnames
                0x000000000000002a       0x83 Output/Debug/Obj/jtag_io/system_stm32f4xx.o
 .debug_pubnames
                0x00000000000000ad      0x3dc Output/Debug/Obj/jtag_io/SEGGER_RTT.o
 .debug_pubnames
                0x0000000000000489       0x42 Output/Debug/Obj/jtag_io/SEGGER_RTT_SES.o
 .debug_pubnames
                0x00000000000004cb      0x54c Output/Debug/Obj/jtag_io/stm32f4xx_rcc.o
 .debug_pubnames
                0x0000000000000a17      0x254 Output/Debug/Obj/jtag_io/stm32f4xx_gpio.o
 .debug_pubnames
                0x0000000000000c6b      0x323 Output/Debug/Obj/jtag_io/debug_common.o
 .debug_pubnames
                0x0000000000000f8e      0x1af Output/Debug/Obj/jtag_io/jtag_ram.o
 .debug_pubnames
                0x000000000000113d      0x10e Output/Debug/Obj/jtag_io/jtag_port.o

.debug_pubtypes
                0x0000000000000000      0x925
 .debug_pubtypes
                0x0000000000000000       0xc2 Output/Debug/Obj/jtag_io/main.o
 .debug_pubtypes
                0x00000000000000c2      0x104 Output/Debug/Obj/jtag_io/system_stm32f4xx.o
 .debug_pubtypes
                0x00000000000001c6       0xc2 Output/Debug/Obj/jtag_io/SEGGER_RTT.o
 .debug_pubtypes
                0x0000000000000288       0xb9 Output/Debug/Obj/jtag_io/SEGGER_RTT_SES.o
 .debug_pubtypes
                0x0000000000000341      0x12b Output/Debug/Obj/jtag_io/stm32f4xx_rcc.o
 .debug_pubtypes
                0x000000000000046c      0x14f Output/Debug/Obj/jtag_io/stm32f4xx_gpio.o
 .debug_pubtypes
                0x00000000000005bb      0x129 Output/Debug/Obj/jtag_io/debug_common.o
 .debug_pubtypes
                0x00000000000006e4       0xf6 Output/Debug/Obj/jtag_io/jtag_ram.o
 .debug_pubtypes
                0x00000000000007da      0x14b Output/Debug/Obj/jtag_io/jtag_port.o

.debug_aranges  0x0000000000000000      0x5e0
 .debug_aranges
                0x0000000000000000       0x20 Output/Debug/Obj/jtag_io/main.o
 .debug_aranges
                0x0000000000000020       0x28 Output/Debug/Obj/jtag_io/system_stm32f4xx.o
 .debug_aranges
                0x0000000000000048       0xe8 Output/Debug/Obj/jtag_io/SEGGER_RTT.o
 .debug_aranges
                0x0000000000000130       0x38 Output/Debug/Obj/jtag_io/SEGGER_RTT_SES.o
 .debug_aranges
                0x0000000000000168       0x20 Output/Debug/Obj/jtag_io/STM32F4xx_Startup.o
 .debug_aranges
                0x0000000000000188       0x20 Output/Debug/Obj/jtag_io/STM32F40x_Vectors.o
 .debug_aranges
                0x00000000000001a8       0x80 Output/Debug/Obj/jtag_io/thumb_crt0.o
 .debug_aranges
                0x0000000000000228      0x1c0 Output/Debug/Obj/jtag_io/stm32f4xx_rcc.o
 .debug_aranges
                0x00000000000003e8       0x88 Output/Debug/Obj/jtag_io/stm32f4xx_gpio.o
 .debug_aranges
                0x0000000000000470       0xa8 Output/Debug/Obj/jtag_io/debug_common.o
 .debug_aranges
                0x0000000000000518       0xa8 Output/Debug/Obj/jtag_io/jtag_ram.o
 .debug_aranges
                0x00000000000005c0       0x20 Output/Debug/Obj/jtag_io/jtag_port.o

.debug_ranges   0x0000000000000000     0x1b30
 .debug_ranges  0x0000000000000000       0x10 Output/Debug/Obj/jtag_io/main.o
 .debug_ranges  0x0000000000000010       0x30 Output/Debug/Obj/jtag_io/system_stm32f4xx.o
 .debug_ranges  0x0000000000000040      0x7a0 Output/Debug/Obj/jtag_io/SEGGER_RTT.o
 .debug_ranges  0x00000000000007e0       0x28 Output/Debug/Obj/jtag_io/SEGGER_RTT_SES.o
 .debug_ranges  0x0000000000000808       0x78 Output/Debug/Obj/jtag_io/thumb_crt0.o
 .debug_ranges  0x0000000000000880      0x1d8 Output/Debug/Obj/jtag_io/stm32f4xx_rcc.o
 .debug_ranges  0x0000000000000a58       0x78 Output/Debug/Obj/jtag_io/stm32f4xx_gpio.o
 .debug_ranges  0x0000000000000ad0      0x258 Output/Debug/Obj/jtag_io/debug_common.o
 .debug_ranges  0x0000000000000d28      0xdf8 Output/Debug/Obj/jtag_io/jtag_ram.o
 .debug_ranges  0x0000000000001b20       0x10 Output/Debug/Obj/jtag_io/jtag_port.o

.debug_macro    0x0000000000000000     0xefd0
 .debug_macro   0x0000000000000000       0xe4 Output/Debug/Obj/jtag_io/main.o
 .debug_macro   0x00000000000000e4      0xaba Output/Debug/Obj/jtag_io/main.o
 .debug_macro   0x0000000000000b9e      0x1a3 Output/Debug/Obj/jtag_io/main.o
 .debug_macro   0x0000000000000d41       0x89 Output/Debug/Obj/jtag_io/main.o
 .debug_macro   0x0000000000000dca       0x78 Output/Debug/Obj/jtag_io/main.o
 .debug_macro   0x0000000000000e42       0x28 Output/Debug/Obj/jtag_io/main.o
 .debug_macro   0x0000000000000e6a       0x48 Output/Debug/Obj/jtag_io/main.o
 .debug_macro   0x0000000000000eb2       0x22 Output/Debug/Obj/jtag_io/main.o
 .debug_macro   0x0000000000000ed4      0x115 Output/Debug/Obj/jtag_io/main.o
 .debug_macro   0x0000000000000fe9       0x6b Output/Debug/Obj/jtag_io/main.o
 .debug_macro   0x0000000000001054       0x3b Output/Debug/Obj/jtag_io/main.o
 .debug_macro   0x000000000000108f       0x50 Output/Debug/Obj/jtag_io/main.o
 .debug_macro   0x00000000000010df      0xe66 Output/Debug/Obj/jtag_io/main.o
 .debug_macro   0x0000000000001f45     0x95ff Output/Debug/Obj/jtag_io/main.o
 .debug_macro   0x000000000000b544      0x291 Output/Debug/Obj/jtag_io/main.o
 .debug_macro   0x000000000000b7d5       0xca Output/Debug/Obj/jtag_io/main.o
 .debug_macro   0x000000000000b89f       0x90 Output/Debug/Obj/jtag_io/system_stm32f4xx.o
 .debug_macro   0x000000000000b92f       0x35 Output/Debug/Obj/jtag_io/system_stm32f4xx.o
 .debug_macro   0x000000000000b964       0xac Output/Debug/Obj/jtag_io/SEGGER_RTT.o
 .debug_macro   0x000000000000ba10       0x2e Output/Debug/Obj/jtag_io/SEGGER_RTT.o
 .debug_macro   0x000000000000ba3e       0x5c Output/Debug/Obj/jtag_io/SEGGER_RTT_SES.o
 .debug_macro   0x000000000000ba9a       0x10 Output/Debug/Obj/jtag_io/SEGGER_RTT_SES.o
 .debug_macro   0x000000000000baaa       0x6b Output/Debug/Obj/jtag_io/SEGGER_RTT_SES.o
 .debug_macro   0x000000000000bb15      0x154 Output/Debug/Obj/jtag_io/stm32f4xx_rcc.o
 .debug_macro   0x000000000000bc69       0x9b Output/Debug/Obj/jtag_io/stm32f4xx_gpio.o
 .debug_macro   0x000000000000bd04       0xba Output/Debug/Obj/jtag_io/debug_common.o
 .debug_macro   0x000000000000bdbe     0x2d38 Output/Debug/Obj/jtag_io/debug_common.o
 .debug_macro   0x000000000000eaf6      0x268 Output/Debug/Obj/jtag_io/debug_common.o
 .debug_macro   0x000000000000ed5e       0xba Output/Debug/Obj/jtag_io/jtag_ram.o
 .debug_macro   0x000000000000ee18       0xe8 Output/Debug/Obj/jtag_io/jtag_port.o
 .debug_macro   0x000000000000ef00       0xd0 Output/Debug/Obj/jtag_io/jtag_port.o

.debug_line     0x0000000000000000     0xaa34
 .debug_line    0x0000000000000000      0x2d7 Output/Debug/Obj/jtag_io/main.o
 .debug_line    0x00000000000002d7      0x3f9 Output/Debug/Obj/jtag_io/system_stm32f4xx.o
 .debug_line    0x00000000000006d0     0x2d51 Output/Debug/Obj/jtag_io/SEGGER_RTT.o
 .debug_line    0x0000000000003421      0x1ac Output/Debug/Obj/jtag_io/SEGGER_RTT_SES.o
 .debug_line    0x00000000000035cd       0x88 Output/Debug/Obj/jtag_io/STM32F4xx_Startup.o
 .debug_line    0x0000000000003655       0xc1 Output/Debug/Obj/jtag_io/STM32F40x_Vectors.o
 .debug_line    0x0000000000003716      0x1ce Output/Debug/Obj/jtag_io/thumb_crt0.o
 .debug_line    0x00000000000038e4      0xdda Output/Debug/Obj/jtag_io/stm32f4xx_rcc.o
 .debug_line    0x00000000000046be      0x67d Output/Debug/Obj/jtag_io/stm32f4xx_gpio.o
 .debug_line    0x0000000000004d3b      0xd3a Output/Debug/Obj/jtag_io/debug_common.o
 .debug_line    0x0000000000005a75     0x4ce6 Output/Debug/Obj/jtag_io/jtag_ram.o
 .debug_line    0x000000000000a75b      0x2d9 Output/Debug/Obj/jtag_io/jtag_port.o

.debug_str      0x0000000000000000    0x4ec5d
 .debug_str     0x0000000000000000    0x3f307 Output/Debug/Obj/jtag_io/main.o
                                      0x3f385 (size before relaxing)
 .debug_str     0x000000000003f307      0x297 Output/Debug/Obj/jtag_io/system_stm32f4xx.o
                                      0x3cea4 (size before relaxing)
 .debug_str     0x000000000003f59e      0x64e Output/Debug/Obj/jtag_io/SEGGER_RTT.o
                                       0x3d6b (size before relaxing)
 .debug_str     0x000000000003fbec       0x97 Output/Debug/Obj/jtag_io/SEGGER_RTT_SES.o
                                       0x38b0 (size before relaxing)
 .debug_str     0x000000000003fc83       0x48 Output/Debug/Obj/jtag_io/STM32F4xx_Startup.o
                                         0x6e (size before relaxing)
 .debug_str     0x000000000003fccb       0x3a Output/Debug/Obj/jtag_io/STM32F40x_Vectors.o
                                         0x6e (size before relaxing)
 .debug_str     0x000000000003fd05       0x33 Output/Debug/Obj/jtag_io/thumb_crt0.o
                                         0x67 (size before relaxing)
 .debug_str     0x000000000003fd38     0x4438 Output/Debug/Obj/jtag_io/stm32f4xx_rcc.o
                                      0x411c9 (size before relaxing)
 .debug_str     0x0000000000044170      0x32c Output/Debug/Obj/jtag_io/stm32f4xx_gpio.o
                                      0x41d00 (size before relaxing)
 .debug_str     0x000000000004449c     0x9b6a Output/Debug/Obj/jtag_io/debug_common.o
                                      0x485a3 (size before relaxing)
 .debug_str     0x000000000004e006      0x152 Output/Debug/Obj/jtag_io/jtag_ram.o
                                      0x4840a (size before relaxing)
 .debug_str     0x000000000004e158      0xb05 Output/Debug/Obj/jtag_io/jtag_port.o
                                      0x4c5e1 (size before relaxing)

.comment        0x0000000000000000       0x25
 .comment       0x0000000000000000       0x25 Output/Debug/Obj/jtag_io/main.o
                                         0x26 (size before relaxing)
 .comment       0x0000000000000025       0x26 Output/Debug/Obj/jtag_io/system_stm32f4xx.o
 .comment       0x0000000000000025       0x26 Output/Debug/Obj/jtag_io/SEGGER_RTT.o
 .comment       0x0000000000000025       0x26 Output/Debug/Obj/jtag_io/SEGGER_RTT_SES.o
 .comment       0x0000000000000025       0x26 Output/Debug/Obj/jtag_io/stm32f4xx_rcc.o
 .comment       0x0000000000000025       0x26 Output/Debug/Obj/jtag_io/stm32f4xx_gpio.o
 .comment       0x0000000000000025       0x26 Output/Debug/Obj/jtag_io/debug_common.o
 .comment       0x0000000000000025       0x26 Output/Debug/Obj/jtag_io/jtag_ram.o
 .comment       0x0000000000000025       0x26 Output/Debug/Obj/jtag_io/jtag_port.o
 .comment       0x0000000000000025       0x26 C:/Program Files/SEGGER/SEGGER Embedded Studio for ARM 5.60/lib/libc_v7em_fpv4_sp_d16_hard_t_le_eabi.a(libc2.o)
 .comment       0x0000000000000025       0x26 C:/Program Files/SEGGER/SEGGER Embedded Studio for ARM 5.60/lib/libc_v7em_fpv4_sp_d16_hard_t_le_eabi.a(libvfprintf.o)

.ARM.attributes
                0x0000000000000000       0x37
 .ARM.attributes
                0x0000000000000000       0x39 Output/Debug/Obj/jtag_io/main.o
 .ARM.attributes
                0x0000000000000039       0x39 Output/Debug/Obj/jtag_io/system_stm32f4xx.o
 .ARM.attributes
                0x0000000000000072       0x39 Output/Debug/Obj/jtag_io/SEGGER_RTT.o
 .ARM.attributes
                0x00000000000000ab       0x39 Output/Debug/Obj/jtag_io/SEGGER_RTT_SES.o
 .ARM.attributes
                0x00000000000000e4       0x20 Output/Debug/Obj/jtag_io/STM32F4xx_Startup.o
 .ARM.attributes
                0x0000000000000104       0x20 Output/Debug/Obj/jtag_io/STM32F40x_Vectors.o
 .ARM.attributes
                0x0000000000000124       0x20 Output/Debug/Obj/jtag_io/thumb_crt0.o
 .ARM.attributes
                0x0000000000000144       0x39 Output/Debug/Obj/jtag_io/stm32f4xx_rcc.o
 .ARM.attributes
                0x000000000000017d       0x39 Output/Debug/Obj/jtag_io/stm32f4xx_gpio.o
 .ARM.attributes
                0x00000000000001b6       0x39 Output/Debug/Obj/jtag_io/debug_common.o
 .ARM.attributes
                0x00000000000001ef       0x39 Output/Debug/Obj/jtag_io/jtag_ram.o
 .ARM.attributes
                0x0000000000000228       0x39 Output/Debug/Obj/jtag_io/jtag_port.o
 .ARM.attributes
                0x0000000000000261       0x34 C:/Program Files/SEGGER/SEGGER Embedded Studio for ARM 5.60/lib/libc_v7em_fpv4_sp_d16_hard_t_le_eabi.a(libc2.o)
 .ARM.attributes
                0x0000000000000295       0x20 C:/Program Files/SEGGER/SEGGER Embedded Studio for ARM 5.60/lib/libc_v7em_fpv4_sp_d16_hard_t_le_eabi.a(libc2_asm.o)
 .ARM.attributes
                0x00000000000002b5       0x34 C:/Program Files/SEGGER/SEGGER Embedded Studio for ARM 5.60/lib/libc_v7em_fpv4_sp_d16_hard_t_le_eabi.a(libvfprintf.o)

.debug_loc      0x0000000000000000     0x9516
 .debug_loc     0x0000000000000000      0x118 Output/Debug/Obj/jtag_io/system_stm32f4xx.o
 .debug_loc     0x0000000000000118     0x614d Output/Debug/Obj/jtag_io/SEGGER_RTT.o
 .debug_loc     0x0000000000006265       0xb6 Output/Debug/Obj/jtag_io/SEGGER_RTT_SES.o
 .debug_loc     0x000000000000631b      0xd9c Output/Debug/Obj/jtag_io/stm32f4xx_rcc.o
 .debug_loc     0x00000000000070b7      0x3a8 Output/Debug/Obj/jtag_io/stm32f4xx_gpio.o
 .debug_loc     0x000000000000745f     0x1201 Output/Debug/Obj/jtag_io/debug_common.o
 .debug_loc     0x0000000000008660      0xeb6 Output/Debug/Obj/jtag_io/jtag_ram.o
